{"timestamp":"2026-07-30T13:10:34.286619Z","level":"info","event":"::group::Pre Execute","logger":"task","filename":"task_runner.py","lineno":2303}
{"timestamp":"2026-07-30T13:10:34.357480Z","level":"info","event":"DAG bundles loaded: dags-folder, example_dags, apache-airflow-providers-common-sql-example-dags, apache-airflow-providers-standard-example-dags","run_id":"manual__2026-07-30T13:09:32.427843+00:00","map_index":-1,"task_id":"extract_deezer","try_number":1,"ti_id":"019fb324-f981-7af4-91a9-fcf394c0a532","dag_id":"genre_pipeline","logger":"airflow.dag_processing.bundles.manager.DagBundlesManager","filename":"manager.py","lineno":271}
{"timestamp":"2026-07-30T13:10:34.361237Z","level":"info","event":"Filling up the DagBag from /opt/airflow/dags/genre_pipeline_dag.py","run_id":"manual__2026-07-30T13:09:32.427843+00:00","map_index":-1,"task_id":"extract_deezer","try_number":1,"ti_id":"019fb324-f981-7af4-91a9-fcf394c0a532","dag_id":"genre_pipeline","logger":"airflow.dag_processing.dagbag.BundleDagBag","filename":"dagbag.py","lineno":460}
{"timestamp":"2026-07-30T13:10:34.420625Z","level":"warning","event":"The `airflow.decorators.dag` attribute is deprecated. Please use `'airflow.sdk.dag'`.","category":"UserWarning","filename":"/opt/airflow/dags/genre_pipeline_dag.py","lineno":31,"run_id":"manual__2026-07-30T13:09:32.427843+00:00","map_index":-1,"task_id":"extract_deezer","try_number":1,"ti_id":"019fb324-f981-7af4-91a9-fcf394c0a532","dag_id":"genre_pipeline","logger":"py.warnings"}
{"timestamp":"2026-07-30T13:10:34.420935Z","level":"warning","event":"The `airflow.decorators.task` attribute is deprecated. Please use `'airflow.sdk.task'`.","category":"UserWarning","filename":"/opt/airflow/dags/genre_pipeline_dag.py","lineno":31,"run_id":"manual__2026-07-30T13:09:32.427843+00:00","map_index":-1,"task_id":"extract_deezer","try_number":1,"ti_id":"019fb324-f981-7af4-91a9-fcf394c0a532","dag_id":"genre_pipeline","logger":"py.warnings"}
{"timestamp":"2026-07-30T13:10:34.425854Z","level":"info","event":"Worker startup parse complete","bundle_name":"dags-folder","bundle_version":null,"dag_file":"genre_pipeline_dag.py","dag_id":"genre_pipeline","bundle_prepare_ms":9,"dag_file_parse_ms":65,"run_id":"manual__2026-07-30T13:09:32.427843+00:00","map_index":-1,"task_id":"extract_deezer","try_number":1,"ti_id":"019fb324-f981-7af4-91a9-fcf394c0a532","logger":"task","filename":"task_runner.py","lineno":1062}
{"timestamp":"2026-07-30T13:10:34.570910Z","level":"info","event":"Task instance is in running state","logger":"task.stdout"}
{"timestamp":"2026-07-30T13:10:34.572335Z","level":"info","event":" Previous state of the Task instance: TaskInstanceState.QUEUED","logger":"task.stdout"}
{"timestamp":"2026-07-30T13:10:34.574817Z","level":"info","event":"Current task name:extract_deezer","logger":"task.stdout"}
{"timestamp":"2026-07-30T13:10:34.575942Z","level":"info","event":"Dag name:genre_pipeline","logger":"task.stdout"}
{"timestamp":"2026-07-30T13:10:34.572109Z","level":"info","event":"::endgroup::","run_id":"manual__2026-07-30T13:09:32.427843+00:00","map_index":-1,"task_id":"extract_deezer","try_number":1,"ti_id":"019fb324-f981-7af4-91a9-fcf394c0a532","dag_id":"genre_pipeline","logger":"task","filename":"task_runner.py","lineno":2107}
{"timestamp":"2026-07-30T13:10:34.837633Z","level":"info","event":"[deezer] 122 unique artists to resolve","logger":"task.stdout"}
{"timestamp":"2026-07-30T13:10:35.068747Z","level":"info","event":"  100/122 done","logger":"task.stdout"}
{"timestamp":"2026-07-30T13:10:35.100211Z","level":"info","event":"Done. 87 artists with images -> /opt/airflow/data/raw/deezer/artists.json","logger":"task.stdout"}
{"timestamp":"2026-07-30T13:10:35.100853Z","level":"info","event":"Done. Returned value was: None","run_id":"manual__2026-07-30T13:09:32.427843+00:00","map_index":-1,"task_id":"extract_deezer","try_number":1,"ti_id":"019fb324-f981-7af4-91a9-fcf394c0a532","dag_id":"genre_pipeline","logger":"airflow.task.operators.airflow.providers.standard.decorators.python._PythonDecoratedOperator","filename":"python.py","lineno":233}
{"timestamp":"2026-07-30T13:10:35.101827Z","level":"info","event":"::group::Post Execute","run_id":"manual__2026-07-30T13:09:32.427843+00:00","map_index":-1,"task_id":"extract_deezer","try_number":1,"ti_id":"019fb324-f981-7af4-91a9-fcf394c0a532","dag_id":"genre_pipeline","logger":"task","filename":"task_runner.py","lineno":1577}
{"timestamp":"2026-07-30T13:10:35.140199Z","level":"info","event":"Task instance in success state","logger":"task.stdout"}
{"timestamp":"2026-07-30T13:10:35.141132Z","level":"info","event":" Previous state of the Task instance: TaskInstanceState.RUNNING","logger":"task.stdout"}
{"timestamp":"2026-07-30T13:10:35.142162Z","level":"info","event":"Task operator:<Task(_PythonDecoratedOperator): extract_deezer>","logger":"task.stdout"}
{"timestamp":"2026-07-30T13:10:35.140698Z","level":"info","event":"::endgroup::","run_id":"manual__2026-07-30T13:09:32.427843+00:00","map_index":-1,"task_id":"extract_deezer","try_number":1,"ti_id":"019fb324-f981-7af4-91a9-fcf394c0a532","dag_id":"genre_pipeline","logger":"task","filename":"task_runner.py","lineno":2270}
