{"timestamp":"2026-07-30T13:00:22.672922Z","level":"info","event":"::group::Pre Execute","logger":"task","filename":"task_runner.py","lineno":2303}
{"timestamp":"2026-07-30T13:00:22.810326Z","level":"info","event":"DAG bundles loaded: dags-folder, example_dags, apache-airflow-providers-common-sql-example-dags, apache-airflow-providers-standard-example-dags","task_id":"extract_musicbrainz","ti_id":"019fb31b-9b26-7293-bc69-364f04b500b1","run_id":"manual__2026-07-30T12:59:18.548877+00:00","try_number":1,"dag_id":"genre_pipeline","map_index":-1,"logger":"airflow.dag_processing.bundles.manager.DagBundlesManager","filename":"manager.py","lineno":271}
{"timestamp":"2026-07-30T13:00:22.817130Z","level":"info","event":"Filling up the DagBag from /opt/airflow/dags/genre_pipeline_dag.py","task_id":"extract_musicbrainz","ti_id":"019fb31b-9b26-7293-bc69-364f04b500b1","run_id":"manual__2026-07-30T12:59:18.548877+00:00","try_number":1,"dag_id":"genre_pipeline","map_index":-1,"logger":"airflow.dag_processing.dagbag.BundleDagBag","filename":"dagbag.py","lineno":460}
{"timestamp":"2026-07-30T13:00:22.882048Z","level":"warning","event":"The `airflow.decorators.dag` attribute is deprecated. Please use `'airflow.sdk.dag'`.","category":"UserWarning","filename":"/opt/airflow/dags/genre_pipeline_dag.py","lineno":31,"task_id":"extract_musicbrainz","ti_id":"019fb31b-9b26-7293-bc69-364f04b500b1","run_id":"manual__2026-07-30T12:59:18.548877+00:00","try_number":1,"dag_id":"genre_pipeline","map_index":-1,"logger":"py.warnings"}
{"timestamp":"2026-07-30T13:00:22.882270Z","level":"warning","event":"The `airflow.decorators.task` attribute is deprecated. Please use `'airflow.sdk.task'`.","category":"UserWarning","filename":"/opt/airflow/dags/genre_pipeline_dag.py","lineno":31,"task_id":"extract_musicbrainz","ti_id":"019fb31b-9b26-7293-bc69-364f04b500b1","run_id":"manual__2026-07-30T12:59:18.548877+00:00","try_number":1,"dag_id":"genre_pipeline","map_index":-1,"logger":"py.warnings"}
{"timestamp":"2026-07-30T13:00:22.887611Z","level":"info","event":"Worker startup parse complete","bundle_name":"dags-folder","bundle_version":null,"dag_file":"genre_pipeline_dag.py","dag_id":"genre_pipeline","bundle_prepare_ms":16,"dag_file_parse_ms":73,"task_id":"extract_musicbrainz","ti_id":"019fb31b-9b26-7293-bc69-364f04b500b1","run_id":"manual__2026-07-30T12:59:18.548877+00:00","try_number":1,"map_index":-1,"logger":"task","filename":"task_runner.py","lineno":1062}
{"timestamp":"2026-07-30T13:00:22.986718Z","level":"info","event":"Task instance is in running state","logger":"task.stdout"}
{"timestamp":"2026-07-30T13:00:22.987230Z","level":"info","event":" Previous state of the Task instance: TaskInstanceState.QUEUED","logger":"task.stdout"}
{"timestamp":"2026-07-30T13:00:22.987911Z","level":"info","event":"Current task name:extract_musicbrainz","logger":"task.stdout"}
{"timestamp":"2026-07-30T13:00:22.988553Z","level":"info","event":"Dag name:genre_pipeline","logger":"task.stdout"}
{"timestamp":"2026-07-30T13:00:22.987434Z","level":"info","event":"::endgroup::","task_id":"extract_musicbrainz","ti_id":"019fb31b-9b26-7293-bc69-364f04b500b1","run_id":"manual__2026-07-30T12:59:18.548877+00:00","try_number":1,"dag_id":"genre_pipeline","map_index":-1,"logger":"task","filename":"task_runner.py","lineno":2107}
{"timestamp":"2026-07-30T13:00:23.173645Z","level":"info","event":"[musicbrainz] 293 unique artists to resolve","logger":"task.stdout"}
{"timestamp":"2026-07-30T13:03:51.510531Z","level":"info","event":"  50/293 artists done","logger":"task.stdout"}
{"timestamp":"2026-07-30T13:04:32.397607Z","level":"info","event":"  503 rate-limited, waiting 0s (attempt 1/3)","logger":"task.stdout"}
{"timestamp":"2026-07-30T13:04:42.320675Z","level":"info","event":"  503 rate-limited, waiting 0s (attempt 1/3)","logger":"task.stdout"}
{"timestamp":"2026-07-30T13:06:42.800653Z","level":"info","event":"  100/293 artists done","logger":"task.stdout"}
{"timestamp":"2026-07-30T13:09:34.592318Z","level":"info","event":"  150/293 artists done","logger":"task.stdout"}
{"timestamp":"2026-07-30T13:11:32.901884Z","level":"info","event":"  200/293 artists done","logger":"task.stdout"}
{"timestamp":"2026-07-30T13:12:02.837991Z","level":"info","event":"  503 rate-limited, waiting 0s (attempt 1/3)","logger":"task.stdout"}
{"timestamp":"2026-07-30T13:12:30.947228Z","level":"info","event":"  503 rate-limited, waiting 0s (attempt 1/3)","logger":"task.stdout"}
{"timestamp":"2026-07-30T13:12:38.971299Z","level":"info","event":"  503 rate-limited, waiting 0s (attempt 1/3)","logger":"task.stdout"}
{"timestamp":"2026-07-30T13:12:55.729695Z","level":"info","event":"  250/293 artists done","logger":"task.stdout"}
{"timestamp":"2026-07-30T13:13:43.045095Z","level":"info","event":"  503 rate-limited, waiting 0s (attempt 1/3)","logger":"task.stdout"}
{"timestamp":"2026-07-30T13:13:49.046801Z","level":"info","event":"  503 rate-limited, waiting 0s (attempt 1/3)","logger":"task.stdout"}
{"timestamp":"2026-07-30T13:13:52.936593Z","level":"info","event":"[musicbrainz] 216/293 artists had at least one genre","logger":"task.stdout"}
{"timestamp":"2026-07-30T13:13:52.938860Z","level":"info","event":"Done. Raw files in /opt/airflow/data/raw/musicbrainz","logger":"task.stdout"}
{"timestamp":"2026-07-30T13:13:52.953925Z","level":"info","event":"Done. Returned value was: None","task_id":"extract_musicbrainz","ti_id":"019fb31b-9b26-7293-bc69-364f04b500b1","run_id":"manual__2026-07-30T12:59:18.548877+00:00","try_number":1,"dag_id":"genre_pipeline","map_index":-1,"logger":"airflow.task.operators.airflow.providers.standard.decorators.python._PythonDecoratedOperator","filename":"python.py","lineno":233}
{"timestamp":"2026-07-30T13:13:52.964683Z","level":"info","event":"::group::Post Execute","task_id":"extract_musicbrainz","ti_id":"019fb31b-9b26-7293-bc69-364f04b500b1","run_id":"manual__2026-07-30T12:59:18.548877+00:00","try_number":1,"dag_id":"genre_pipeline","map_index":-1,"logger":"task","filename":"task_runner.py","lineno":1577}
{"timestamp":"2026-07-30T13:13:53.027352Z","level":"info","event":"Task instance in success state","logger":"task.stdout"}
{"timestamp":"2026-07-30T13:13:53.028337Z","level":"info","event":" Previous state of the Task instance: TaskInstanceState.RUNNING","logger":"task.stdout"}
{"timestamp":"2026-07-30T13:13:53.038873Z","level":"info","event":"Task operator:<Task(_PythonDecoratedOperator): extract_musicbrainz>","logger":"task.stdout"}
{"timestamp":"2026-07-30T13:13:53.039712Z","level":"info","event":"::endgroup::","task_id":"extract_musicbrainz","ti_id":"019fb31b-9b26-7293-bc69-364f04b500b1","run_id":"manual__2026-07-30T12:59:18.548877+00:00","try_number":1,"dag_id":"genre_pipeline","map_index":-1,"logger":"task","filename":"task_runner.py","lineno":2270}
