{"timestamp":"2026-07-30T12:34:40.502454Z","level":"info","event":"::group::Pre Execute","logger":"task","filename":"task_runner.py","lineno":2303}
{"timestamp":"2026-07-30T12:34:57.134221Z","level":"info","event":"DAG bundles loaded: dags-folder, example_dags, apache-airflow-providers-common-sql-example-dags, apache-airflow-providers-standard-example-dags","dag_id":"genre_pipeline","ti_id":"019fb304-f586-76dc-a485-79bbd2cc23d6","run_id":"manual__2026-07-30T12:34:34.428973+00:00","task_id":"extract_lastfm","try_number":1,"map_index":-1,"logger":"airflow.dag_processing.bundles.manager.DagBundlesManager","filename":"manager.py","lineno":271}
{"timestamp":"2026-07-30T12:34:57.149160Z","level":"info","event":"Filling up the DagBag from /opt/airflow/dags/genre_pipeline_dag.py","dag_id":"genre_pipeline","ti_id":"019fb304-f586-76dc-a485-79bbd2cc23d6","run_id":"manual__2026-07-30T12:34:34.428973+00:00","task_id":"extract_lastfm","try_number":1,"map_index":-1,"logger":"airflow.dag_processing.dagbag.BundleDagBag","filename":"dagbag.py","lineno":460}
{"timestamp":"2026-07-30T12:34:57.327766Z","level":"warning","event":"The `airflow.decorators.dag` attribute is deprecated. Please use `'airflow.sdk.dag'`.","category":"UserWarning","filename":"/opt/airflow/dags/genre_pipeline_dag.py","lineno":23,"dag_id":"genre_pipeline","ti_id":"019fb304-f586-76dc-a485-79bbd2cc23d6","run_id":"manual__2026-07-30T12:34:34.428973+00:00","task_id":"extract_lastfm","try_number":1,"map_index":-1,"logger":"py.warnings"}
{"timestamp":"2026-07-30T12:34:57.328528Z","level":"warning","event":"The `airflow.decorators.task` attribute is deprecated. Please use `'airflow.sdk.task'`.","category":"UserWarning","filename":"/opt/airflow/dags/genre_pipeline_dag.py","lineno":23,"dag_id":"genre_pipeline","ti_id":"019fb304-f586-76dc-a485-79bbd2cc23d6","run_id":"manual__2026-07-30T12:34:34.428973+00:00","task_id":"extract_lastfm","try_number":1,"map_index":-1,"logger":"py.warnings"}
{"timestamp":"2026-07-30T12:34:57.340494Z","level":"info","event":"Worker startup parse complete","bundle_name":"dags-folder","bundle_version":null,"dag_file":"genre_pipeline_dag.py","dag_id":"genre_pipeline","bundle_prepare_ms":39,"dag_file_parse_ms":197,"ti_id":"019fb304-f586-76dc-a485-79bbd2cc23d6","run_id":"manual__2026-07-30T12:34:34.428973+00:00","task_id":"extract_lastfm","try_number":1,"map_index":-1,"logger":"task","filename":"task_runner.py","lineno":1062}
{"timestamp":"2026-07-30T12:34:57.503622Z","level":"info","event":"Task instance is in running state","logger":"task.stdout"}
{"timestamp":"2026-07-30T12:34:57.505221Z","level":"info","event":" Previous state of the Task instance: TaskInstanceState.QUEUED","logger":"task.stdout"}
{"timestamp":"2026-07-30T12:34:57.506198Z","level":"info","event":"Current task name:extract_lastfm","logger":"task.stdout"}
{"timestamp":"2026-07-30T12:34:57.507075Z","level":"info","event":"Dag name:genre_pipeline","logger":"task.stdout"}
{"timestamp":"2026-07-30T12:34:57.504926Z","level":"info","event":"::endgroup::","dag_id":"genre_pipeline","ti_id":"019fb304-f586-76dc-a485-79bbd2cc23d6","run_id":"manual__2026-07-30T12:34:34.428973+00:00","task_id":"extract_lastfm","try_number":1,"map_index":-1,"logger":"task","filename":"task_runner.py","lineno":2107}
{"timestamp":"2026-07-30T12:34:57.696495Z","level":"info","event":"[lastfm] fetching top artists for United States ...","logger":"task.stdout"}
{"timestamp":"2026-07-30T12:34:58.373226Z","level":"info","event":"[lastfm] fetching top artists for United Kingdom ...","logger":"task.stdout"}
{"timestamp":"2026-07-30T12:34:58.724588Z","level":"info","event":"[lastfm] fetching top artists for Germany ...","logger":"task.stdout"}
{"timestamp":"2026-07-30T12:34:59.110755Z","level":"info","event":"[lastfm] fetching top artists for France ...","logger":"task.stdout"}
{"timestamp":"2026-07-30T12:34:59.534463Z","level":"info","event":"[lastfm] fetching top artists for Brazil ...","logger":"task.stdout"}
{"timestamp":"2026-07-30T12:34:59.950170Z","level":"info","event":"[lastfm] fetching top artists for Japan ...","logger":"task.stdout"}
{"timestamp":"2026-07-30T12:35:00.314151Z","level":"info","event":"[lastfm] fetching top artists for South Korea ...","logger":"task.stdout"}
{"timestamp":"2026-07-30T12:35:00.634532Z","level":"info","event":"[lastfm] fetching top artists for Mexico ...","logger":"task.stdout"}
{"timestamp":"2026-07-30T12:35:01.044201Z","level":"info","event":"[lastfm] fetching top artists for India ...","logger":"task.stdout"}
{"timestamp":"2026-07-30T12:35:01.406966Z","level":"info","event":"[lastfm] fetching top artists for Canada ...","logger":"task.stdout"}
{"timestamp":"2026-07-30T12:35:01.982841Z","level":"info","event":"[lastfm] fetching top artists for Australia ...","logger":"task.stdout"}
{"timestamp":"2026-07-30T12:35:02.330263Z","level":"info","event":"[lastfm] fetching top artists for Sweden ...","logger":"task.stdout"}
{"timestamp":"2026-07-30T12:35:02.754111Z","level":"info","event":"[lastfm] fetching top artists for Italy ...","logger":"task.stdout"}
{"timestamp":"2026-07-30T12:35:03.135515Z","level":"info","event":"[lastfm] fetching top artists for Spain ...","logger":"task.stdout"}
{"timestamp":"2026-07-30T12:35:03.515517Z","level":"info","event":"[lastfm] fetching top artists for Netherlands ...","logger":"task.stdout"}
{"timestamp":"2026-07-30T12:35:03.882951Z","level":"info","event":"[lastfm] fetching top artists for Philippines ...","logger":"task.stdout"}
{"timestamp":"2026-07-30T12:35:04.313083Z","level":"info","event":"[lastfm] fetching top artists for Indonesia ...","logger":"task.stdout"}
{"timestamp":"2026-07-30T12:35:04.696472Z","level":"info","event":"[lastfm] fetching top artists for Thailand ...","logger":"task.stdout"}
{"timestamp":"2026-07-30T12:35:05.065980Z","level":"info","event":"[lastfm] fetching top artists for Poland ...","logger":"task.stdout"}
{"timestamp":"2026-07-30T12:35:05.438463Z","level":"info","event":"[lastfm] fetching top artists for Turkey ...","logger":"task.stdout"}
{"timestamp":"2026-07-30T12:35:05.844817Z","level":"info","event":"[lastfm] 293 unique artists across all countries","logger":"task.stdout"}
{"timestamp":"2026-07-30T12:35:05.845765Z","level":"info","event":"[lastfm] fetching tags with 5 workers ...","logger":"task.stdout"}
{"timestamp":"2026-07-30T12:35:09.285162Z","level":"info","event":"  50/293 artists done","logger":"task.stdout"}
{"timestamp":"2026-07-30T12:35:12.682947Z","level":"info","event":"  100/293 artists done","logger":"task.stdout"}
{"timestamp":"2026-07-30T12:35:15.947321Z","level":"info","event":"  150/293 artists done","logger":"task.stdout"}
{"timestamp":"2026-07-30T12:35:18.959756Z","level":"info","event":"  200/293 artists done","logger":"task.stdout"}
{"timestamp":"2026-07-30T12:35:22.292745Z","level":"info","event":"  250/293 artists done","logger":"task.stdout"}
{"timestamp":"2026-07-30T12:35:25.220828Z","level":"info","event":"Done. Raw files in /opt/airflow/data/raw/lastfm","logger":"task.stdout"}
{"timestamp":"2026-07-30T12:35:25.230777Z","level":"info","event":"Done. Returned value was: None","dag_id":"genre_pipeline","ti_id":"019fb304-f586-76dc-a485-79bbd2cc23d6","run_id":"manual__2026-07-30T12:34:34.428973+00:00","task_id":"extract_lastfm","try_number":1,"map_index":-1,"logger":"airflow.task.operators.airflow.providers.standard.decorators.python._PythonDecoratedOperator","filename":"python.py","lineno":233}
{"timestamp":"2026-07-30T12:35:25.237474Z","level":"info","event":"::group::Post Execute","dag_id":"genre_pipeline","ti_id":"019fb304-f586-76dc-a485-79bbd2cc23d6","run_id":"manual__2026-07-30T12:34:34.428973+00:00","task_id":"extract_lastfm","try_number":1,"map_index":-1,"logger":"task","filename":"task_runner.py","lineno":1577}
{"timestamp":"2026-07-30T12:35:25.434419Z","level":"info","event":"Task instance in success state","logger":"task.stdout"}
{"timestamp":"2026-07-30T12:35:25.435369Z","level":"info","event":" Previous state of the Task instance: TaskInstanceState.RUNNING","logger":"task.stdout"}
{"timestamp":"2026-07-30T12:35:25.437562Z","level":"info","event":"Task operator:<Task(_PythonDecoratedOperator): extract_lastfm>","logger":"task.stdout"}
{"timestamp":"2026-07-30T12:35:25.437856Z","level":"info","event":"::endgroup::","dag_id":"genre_pipeline","ti_id":"019fb304-f586-76dc-a485-79bbd2cc23d6","run_id":"manual__2026-07-30T12:34:34.428973+00:00","task_id":"extract_lastfm","try_number":1,"map_index":-1,"logger":"task","filename":"task_runner.py","lineno":2270}
