[debug] [2026-08-18T10:08:06.959Z] ----------------------------------------------------------------------
[debug] [2026-08-18T10:08:06.961Z] Command:       C:\Program Files\nodejs\node.exe C:\Users\Natth\AppData\Local\npm-cache\_npx\ba4f1959e38407b5\node_modules\firebase-tools\lib\bin\firebase.js init hosting
[debug] [2026-08-18T10:08:06.961Z] CLI Version:   15.27.0
[debug] [2026-08-18T10:08:06.961Z] Platform:      win32
[debug] [2026-08-18T10:08:06.961Z] Node Version:  v24.18.1
[debug] [2026-08-18T10:08:06.962Z] Detected Agent: unknown
[debug] [2026-08-18T10:08:06.962Z] Time:          Tue Aug 18 2026 17:08:06 GMT+0700 (Indochina Time)
[debug] [2026-08-18T10:08:06.962Z] ----------------------------------------------------------------------
[debug] 
[info] 
     ######## #### ########  ######## ########     ###     ######  ########
     ##        ##  ##     ## ##       ##     ##  ##   ##  ##       ##
     ######    ##  ########  ######   ########  #########  ######  ######
     ##        ##  ##    ##  ##       ##     ## ##     ##       ## ##
     ##       #### ##     ## ######## ########  ##     ##  ######  ########

You're about to initialize a Firebase project in this directory:

  C:\Users\Natth\OneDrive\Desktop\Development\world-genre

[info] 
=== Project Setup
[info] 
[info] First, let's associate this project directory with a Firebase project.
[info] You can create multiple project aliases by running firebase use --add, 
[info] 
[debug] [2026-08-18T10:08:11.282Z] > command requires scopes: ["email","openid","https://www.googleapis.com/auth/cloudplatformprojects.readonly","https://www.googleapis.com/auth/firebase","https://www.googleapis.com/auth/cloud-platform"]
[debug] [2026-08-18T10:08:11.282Z] > authorizing via signed-in user (natthakarnh.10@gmail.com)
[debug] [2026-08-18T10:08:11.294Z] Checked if tokens are valid: true, expires at: 1787050922347
[debug] [2026-08-18T10:08:11.294Z] Checked if tokens are valid: true, expires at: 1787050922347
[debug] [2026-08-18T10:08:11.295Z] >>> [apiv2][query] GET https://firebase.googleapis.com/v1beta1/availableProjects pageSize=100
[debug] [2026-08-18T10:08:12.413Z] <<< [apiv2][status] GET https://firebase.googleapis.com/v1beta1/availableProjects 200
[debug] [2026-08-18T10:08:12.413Z] <<< [apiv2][body] GET https://firebase.googleapis.com/v1beta1/availableProjects [omitted]
[debug] [2026-08-18T10:08:13.341Z] Checked if tokens are valid: true, expires at: 1787050922347
[debug] [2026-08-18T10:08:13.341Z] Checked if tokens are valid: true, expires at: 1787050922347
[debug] [2026-08-18T10:08:13.342Z] >>> [apiv2][query] POST https://firebase.googleapis.com/v1beta1/projects/world-genre-natt:addFirebase [none]
[debug] [2026-08-18T10:08:13.997Z] <<< [apiv2][status] POST https://firebase.googleapis.com/v1beta1/projects/world-genre-natt:addFirebase 403
[debug] [2026-08-18T10:08:13.997Z] <<< [apiv2][body] POST https://firebase.googleapis.com/v1beta1/projects/world-genre-natt:addFirebase {"error":{"code":403,"message":"The caller does not have permission","status":"PERMISSION_DENIED"}}
[debug] [2026-08-18T10:08:13.999Z] Request to https://firebase.googleapis.com/v1beta1/projects/world-genre-natt:addFirebase had HTTP Error: 403, The caller does not have permission
[debug] [2026-08-18T10:08:14.153Z] FirebaseError: Request to https://firebase.googleapis.com/v1beta1/projects/world-genre-natt:addFirebase had HTTP Error: 403, The caller does not have permission
    at responseToError (C:\Users\Natth\AppData\Local\npm-cache\_npx\ba4f1959e38407b5\node_modules\firebase-tools\lib\responseToError.js:53:12)
    at RetryOperation._fn (C:\Users\Natth\AppData\Local\npm-cache\_npx\ba4f1959e38407b5\node_modules\firebase-tools\lib\apiv2.js:415:77)
    at process.processTicksAndRejections (node:internal/process/task_queues:104:5)
[error] 
[error] Error: Failed to add Firebase to Google Cloud Platform project. See firebase-debug.log for more info.
