{"timestamp":"2026-07-30T12:35:55.316996Z","level":"info","event":"::group::Pre Execute","logger":"task","filename":"task_runner.py","lineno":2303}
{"timestamp":"2026-07-30T12:35:55.393573Z","level":"info","event":"DAG bundles loaded: dags-folder, example_dags, apache-airflow-providers-common-sql-example-dags, apache-airflow-providers-standard-example-dags","try_number":1,"ti_id":"019fb304-f587-7cf6-9d7f-bb1c2822ae01","map_index":-1,"task_id":"extract_spotify","run_id":"manual__2026-07-30T12:34:34.428973+00:00","dag_id":"genre_pipeline","logger":"airflow.dag_processing.bundles.manager.DagBundlesManager","filename":"manager.py","lineno":271}
{"timestamp":"2026-07-30T12:35:55.397178Z","level":"info","event":"Filling up the DagBag from /opt/airflow/dags/genre_pipeline_dag.py","try_number":1,"ti_id":"019fb304-f587-7cf6-9d7f-bb1c2822ae01","map_index":-1,"task_id":"extract_spotify","run_id":"manual__2026-07-30T12:34:34.428973+00:00","dag_id":"genre_pipeline","logger":"airflow.dag_processing.dagbag.BundleDagBag","filename":"dagbag.py","lineno":460}
{"timestamp":"2026-07-30T12:35:55.459966Z","level":"warning","event":"The `airflow.decorators.dag` attribute is deprecated. Please use `'airflow.sdk.dag'`.","category":"UserWarning","filename":"/opt/airflow/dags/genre_pipeline_dag.py","lineno":23,"try_number":1,"ti_id":"019fb304-f587-7cf6-9d7f-bb1c2822ae01","map_index":-1,"task_id":"extract_spotify","run_id":"manual__2026-07-30T12:34:34.428973+00:00","dag_id":"genre_pipeline","logger":"py.warnings"}
{"timestamp":"2026-07-30T12:35:55.460336Z","level":"warning","event":"The `airflow.decorators.task` attribute is deprecated. Please use `'airflow.sdk.task'`.","category":"UserWarning","filename":"/opt/airflow/dags/genre_pipeline_dag.py","lineno":23,"try_number":1,"ti_id":"019fb304-f587-7cf6-9d7f-bb1c2822ae01","map_index":-1,"task_id":"extract_spotify","run_id":"manual__2026-07-30T12:34:34.428973+00:00","dag_id":"genre_pipeline","logger":"py.warnings"}
{"timestamp":"2026-07-30T12:35:55.466828Z","level":"info","event":"Worker startup parse complete","bundle_name":"dags-folder","bundle_version":null,"dag_file":"genre_pipeline_dag.py","dag_id":"genre_pipeline","bundle_prepare_ms":10,"dag_file_parse_ms":70,"try_number":1,"ti_id":"019fb304-f587-7cf6-9d7f-bb1c2822ae01","map_index":-1,"task_id":"extract_spotify","run_id":"manual__2026-07-30T12:34:34.428973+00:00","logger":"task","filename":"task_runner.py","lineno":1062}
{"timestamp":"2026-07-30T12:35:55.533695Z","level":"info","event":"Task instance is in running state","logger":"task.stdout"}
{"timestamp":"2026-07-30T12:35:55.534557Z","level":"info","event":" Previous state of the Task instance: TaskInstanceState.QUEUED","logger":"task.stdout"}
{"timestamp":"2026-07-30T12:35:55.535108Z","level":"info","event":"Current task name:extract_spotify","logger":"task.stdout"}
{"timestamp":"2026-07-30T12:35:55.535635Z","level":"info","event":"Dag name:genre_pipeline","logger":"task.stdout"}
{"timestamp":"2026-07-30T12:35:55.534301Z","level":"info","event":"::endgroup::","try_number":1,"ti_id":"019fb304-f587-7cf6-9d7f-bb1c2822ae01","map_index":-1,"task_id":"extract_spotify","run_id":"manual__2026-07-30T12:34:34.428973+00:00","dag_id":"genre_pipeline","logger":"task","filename":"task_runner.py","lineno":2107}
{"timestamp":"2026-07-30T12:35:56.092285Z","level":"info","event":"[spotify] 899 unique artists across all countries","logger":"task.stdout"}
{"timestamp":"2026-07-30T12:36:38.826659Z","level":"info","event":"  50/899 artists done (api=50, cache=0)","logger":"task.stdout"}
{"timestamp":"2026-07-30T12:37:23.898863Z","level":"info","event":"  100/899 artists done (api=100, cache=0)","logger":"task.stdout"}
{"timestamp":"2026-07-30T12:38:08.572265Z","level":"info","event":"  150/899 artists done (api=150, cache=0)","logger":"task.stdout"}
{"timestamp":"2026-07-30T12:38:53.011896Z","level":"info","event":"  200/899 artists done (api=200, cache=0)","logger":"task.stdout"}
{"timestamp":"2026-07-30T12:39:38.309259Z","level":"info","event":"  250/899 artists done (api=250, cache=0)","logger":"task.stdout"}
{"timestamp":"2026-07-30T12:40:21.834730Z","level":"info","event":"  300/899 artists done (api=300, cache=0)","logger":"task.stdout"}
{"timestamp":"2026-07-30T12:41:05.137583Z","level":"info","event":"  350/899 artists done (api=350, cache=0)","logger":"task.stdout"}
{"timestamp":"2026-07-30T12:41:48.944060Z","level":"info","event":"  400/899 artists done (api=400, cache=0)","logger":"task.stdout"}
{"timestamp":"2026-07-30T12:42:32.446776Z","level":"info","event":"  450/899 artists done (api=450, cache=0)","logger":"task.stdout"}
{"timestamp":"2026-07-30T12:43:16.360271Z","level":"info","event":"  500/899 artists done (api=500, cache=0)","logger":"task.stdout"}
{"timestamp":"2026-07-30T12:44:01.171279Z","level":"info","event":"  550/899 artists done (api=550, cache=0)","logger":"task.stdout"}
{"timestamp":"2026-07-30T12:44:45.015210Z","level":"info","event":"  600/899 artists done (api=600, cache=0)","logger":"task.stdout"}
{"timestamp":"2026-07-30T12:45:27.313341Z","level":"info","event":"  650/899 artists done (api=650, cache=0)","logger":"task.stdout"}
{"timestamp":"2026-07-30T12:46:13.653986Z","level":"info","event":"  700/899 artists done (api=700, cache=0)","logger":"task.stdout"}
{"timestamp":"2026-07-30T12:46:14.030248Z","level":"info","event":"  daily quota exhausted; aborting. Rerun tomorrow to continue.","logger":"task.stdout"}
{"timestamp":"2026-07-30T12:46:14.153535Z","level":"info","event":"[spotify] resolved 700 artists (700 API calls, 0 cache hits)","logger":"task.stdout"}
{"timestamp":"2026-07-30T12:46:15.122661Z","level":"info","event":"Done. Raw files in /opt/airflow/data/raw/spotify","logger":"task.stdout"}
{"timestamp":"2026-07-30T12:46:15.582226Z","level":"info","event":"Done. Returned value was: None","try_number":1,"ti_id":"019fb304-f587-7cf6-9d7f-bb1c2822ae01","map_index":-1,"task_id":"extract_spotify","run_id":"manual__2026-07-30T12:34:34.428973+00:00","dag_id":"genre_pipeline","logger":"airflow.task.operators.airflow.providers.standard.decorators.python._PythonDecoratedOperator","filename":"python.py","lineno":233}
{"timestamp":"2026-07-30T12:46:15.753064Z","level":"info","event":"::group::Post Execute","try_number":1,"ti_id":"019fb304-f587-7cf6-9d7f-bb1c2822ae01","map_index":-1,"task_id":"extract_spotify","run_id":"manual__2026-07-30T12:34:34.428973+00:00","dag_id":"genre_pipeline","logger":"task","filename":"task_runner.py","lineno":1577}
{"timestamp":"2026-07-30T12:46:18.283032Z","level":"info","event":"Task instance in success state","logger":"task.stdout"}
{"timestamp":"2026-07-30T12:46:18.285766Z","level":"info","event":" Previous state of the Task instance: TaskInstanceState.RUNNING","logger":"task.stdout"}
{"timestamp":"2026-07-30T12:46:18.314479Z","level":"info","event":"Task operator:<Task(_PythonDecoratedOperator): extract_spotify>","logger":"task.stdout"}
{"timestamp":"2026-07-30T12:46:18.319922Z","level":"info","event":"::endgroup::","try_number":1,"ti_id":"019fb304-f587-7cf6-9d7f-bb1c2822ae01","map_index":-1,"task_id":"extract_spotify","run_id":"manual__2026-07-30T12:34:34.428973+00:00","dag_id":"genre_pipeline","logger":"task","filename":"task_runner.py","lineno":2270}
