{"timestamp":"2026-07-30T12:54:08.611742Z","level":"info","event":"::group::Pre Execute","logger":"task","filename":"task_runner.py","lineno":2303}
{"timestamp":"2026-07-30T12:54:08.930772Z","level":"info","event":"DAG bundles loaded: dags-folder, example_dags, apache-airflow-providers-common-sql-example-dags, apache-airflow-providers-standard-example-dags","try_number":1,"ti_id":"019fb316-c8df-7e9a-8d19-4d6b058e65e8","map_index":-1,"run_id":"manual__2026-07-30T12:54:02.351748+00:00","task_id":"extract_lastfm","dag_id":"genre_pipeline","logger":"airflow.dag_processing.bundles.manager.DagBundlesManager","filename":"manager.py","lineno":271}
{"timestamp":"2026-07-30T12:54:08.942505Z","level":"info","event":"Filling up the DagBag from /opt/airflow/dags/genre_pipeline_dag.py","try_number":1,"ti_id":"019fb316-c8df-7e9a-8d19-4d6b058e65e8","map_index":-1,"run_id":"manual__2026-07-30T12:54:02.351748+00:00","task_id":"extract_lastfm","dag_id":"genre_pipeline","logger":"airflow.dag_processing.dagbag.BundleDagBag","filename":"dagbag.py","lineno":460}
{"timestamp":"2026-07-30T12:54:09.305841Z","level":"warning","event":"The `airflow.decorators.dag` attribute is deprecated. Please use `'airflow.sdk.dag'`.","category":"UserWarning","filename":"/opt/airflow/dags/genre_pipeline_dag.py","lineno":29,"try_number":1,"ti_id":"019fb316-c8df-7e9a-8d19-4d6b058e65e8","map_index":-1,"run_id":"manual__2026-07-30T12:54:02.351748+00:00","task_id":"extract_lastfm","dag_id":"genre_pipeline","logger":"py.warnings"}
{"timestamp":"2026-07-30T12:54:09.310006Z","level":"warning","event":"The `airflow.decorators.task` attribute is deprecated. Please use `'airflow.sdk.task'`.","category":"UserWarning","filename":"/opt/airflow/dags/genre_pipeline_dag.py","lineno":29,"try_number":1,"ti_id":"019fb316-c8df-7e9a-8d19-4d6b058e65e8","map_index":-1,"run_id":"manual__2026-07-30T12:54:02.351748+00:00","task_id":"extract_lastfm","dag_id":"genre_pipeline","logger":"py.warnings"}
{"timestamp":"2026-07-30T12:54:09.350448Z","level":"info","event":"Worker startup parse complete","bundle_name":"dags-folder","bundle_version":null,"dag_file":"genre_pipeline_dag.py","dag_id":"genre_pipeline","bundle_prepare_ms":50,"dag_file_parse_ms":411,"try_number":1,"ti_id":"019fb316-c8df-7e9a-8d19-4d6b058e65e8","map_index":-1,"run_id":"manual__2026-07-30T12:54:02.351748+00:00","task_id":"extract_lastfm","logger":"task","filename":"task_runner.py","lineno":1062}
{"timestamp":"2026-07-30T12:54:10.319904Z","level":"info","event":"Task instance is in running state","logger":"task.stdout"}
{"timestamp":"2026-07-30T12:54:10.323749Z","level":"info","event":" Previous state of the Task instance: TaskInstanceState.QUEUED","logger":"task.stdout"}
{"timestamp":"2026-07-30T12:54:10.328066Z","level":"info","event":"Current task name:extract_lastfm","logger":"task.stdout"}
{"timestamp":"2026-07-30T12:54:10.335478Z","level":"info","event":"Dag name:genre_pipeline","logger":"task.stdout"}
{"timestamp":"2026-07-30T12:54:10.325403Z","level":"info","event":"::endgroup::","try_number":1,"ti_id":"019fb316-c8df-7e9a-8d19-4d6b058e65e8","map_index":-1,"run_id":"manual__2026-07-30T12:54:02.351748+00:00","task_id":"extract_lastfm","dag_id":"genre_pipeline","logger":"task","filename":"task_runner.py","lineno":2107}
{"timestamp":"2026-07-30T12:54:10.781911Z","level":"info","event":"[lastfm] fetching top artists for United States ...","logger":"task.stdout"}
{"timestamp":"2026-07-30T12:54:12.043655Z","level":"info","event":"[lastfm] fetching top artists for United Kingdom ...","logger":"task.stdout"}
{"timestamp":"2026-07-30T12:54:12.535605Z","level":"info","event":"[lastfm] fetching top artists for Germany ...","logger":"task.stdout"}
{"timestamp":"2026-07-30T12:54:13.362583Z","level":"info","event":"[lastfm] fetching top artists for France ...","logger":"task.stdout"}
{"timestamp":"2026-07-30T12:54:13.965423Z","level":"info","event":"[lastfm] fetching top artists for Brazil ...","logger":"task.stdout"}
{"timestamp":"2026-07-30T12:54:14.448995Z","level":"info","event":"[lastfm] fetching top artists for Japan ...","logger":"task.stdout"}
{"timestamp":"2026-07-30T12:54:14.911027Z","level":"info","event":"[lastfm] fetching top artists for South Korea ...","logger":"task.stdout"}
{"timestamp":"2026-07-30T12:54:15.389630Z","level":"info","event":"[lastfm] fetching top artists for Mexico ...","logger":"task.stdout"}
{"timestamp":"2026-07-30T12:54:15.885337Z","level":"info","event":"[lastfm] fetching top artists for India ...","logger":"task.stdout"}
{"timestamp":"2026-07-30T12:54:16.363007Z","level":"info","event":"[lastfm] fetching top artists for Canada ...","logger":"task.stdout"}
{"timestamp":"2026-07-30T12:54:16.861035Z","level":"info","event":"[lastfm] fetching top artists for Australia ...","logger":"task.stdout"}
{"timestamp":"2026-07-30T12:54:17.352446Z","level":"info","event":"[lastfm] fetching top artists for Sweden ...","logger":"task.stdout"}
{"timestamp":"2026-07-30T12:54:17.931869Z","level":"info","event":"[lastfm] fetching top artists for Italy ...","logger":"task.stdout"}
{"timestamp":"2026-07-30T12:54:18.337720Z","level":"info","event":"[lastfm] fetching top artists for Spain ...","logger":"task.stdout"}
{"timestamp":"2026-07-30T12:54:18.688991Z","level":"info","event":"[lastfm] fetching top artists for Netherlands ...","logger":"task.stdout"}
{"timestamp":"2026-07-30T12:54:19.115791Z","level":"info","event":"[lastfm] fetching top artists for Philippines ...","logger":"task.stdout"}
{"timestamp":"2026-07-30T12:54:19.451087Z","level":"info","event":"[lastfm] fetching top artists for Indonesia ...","logger":"task.stdout"}
{"timestamp":"2026-07-30T12:54:19.828428Z","level":"info","event":"[lastfm] fetching top artists for Thailand ...","logger":"task.stdout"}
{"timestamp":"2026-07-30T12:54:20.214034Z","level":"info","event":"[lastfm] fetching top artists for Poland ...","logger":"task.stdout"}
{"timestamp":"2026-07-30T12:54:20.571215Z","level":"info","event":"[lastfm] fetching top artists for Turkey ...","logger":"task.stdout"}
{"timestamp":"2026-07-30T12:54:20.930252Z","level":"info","event":"[lastfm] 293 unique artists across all countries","logger":"task.stdout"}
{"timestamp":"2026-07-30T12:54:20.931254Z","level":"info","event":"[lastfm] fetching tags with 5 workers ...","logger":"task.stdout"}
{"timestamp":"2026-07-30T12:54:24.275660Z","level":"info","event":"  50/293 artists done","logger":"task.stdout"}
{"timestamp":"2026-07-30T12:54:27.475440Z","level":"info","event":"  100/293 artists done","logger":"task.stdout"}
{"timestamp":"2026-07-30T12:54:30.816215Z","level":"info","event":"  150/293 artists done","logger":"task.stdout"}
{"timestamp":"2026-07-30T12:54:34.114393Z","level":"info","event":"  200/293 artists done","logger":"task.stdout"}
{"timestamp":"2026-07-30T12:54:37.401814Z","level":"info","event":"  250/293 artists done","logger":"task.stdout"}
{"timestamp":"2026-07-30T12:54:40.074741Z","level":"info","event":"Done. Raw files in /opt/airflow/data/raw/lastfm","logger":"task.stdout"}
{"timestamp":"2026-07-30T12:54:40.084890Z","level":"info","event":"Done. Returned value was: None","try_number":1,"ti_id":"019fb316-c8df-7e9a-8d19-4d6b058e65e8","map_index":-1,"run_id":"manual__2026-07-30T12:54:02.351748+00:00","task_id":"extract_lastfm","dag_id":"genre_pipeline","logger":"airflow.task.operators.airflow.providers.standard.decorators.python._PythonDecoratedOperator","filename":"python.py","lineno":233}
{"timestamp":"2026-07-30T12:54:40.093636Z","level":"info","event":"::group::Post Execute","try_number":1,"ti_id":"019fb316-c8df-7e9a-8d19-4d6b058e65e8","map_index":-1,"run_id":"manual__2026-07-30T12:54:02.351748+00:00","task_id":"extract_lastfm","dag_id":"genre_pipeline","logger":"task","filename":"task_runner.py","lineno":1577}
{"timestamp":"2026-07-30T12:54:40.222615Z","level":"info","event":"Task instance in success state","logger":"task.stdout"}
{"timestamp":"2026-07-30T12:54:40.225482Z","level":"info","event":" Previous state of the Task instance: TaskInstanceState.RUNNING","logger":"task.stdout"}
{"timestamp":"2026-07-30T12:54:40.233716Z","level":"info","event":"Task operator:<Task(_PythonDecoratedOperator): extract_lastfm>","logger":"task.stdout"}
{"timestamp":"2026-07-30T12:54:40.234141Z","level":"info","event":"::endgroup::","try_number":1,"ti_id":"019fb316-c8df-7e9a-8d19-4d6b058e65e8","map_index":-1,"run_id":"manual__2026-07-30T12:54:02.351748+00:00","task_id":"extract_lastfm","dag_id":"genre_pipeline","logger":"task","filename":"task_runner.py","lineno":2270}
