{"timestamp":"2026-07-30T13:10:34.289346Z","level":"info","event":"::group::Pre Execute","logger":"task","filename":"task_runner.py","lineno":2303}
{"timestamp":"2026-07-30T13:10:34.357479Z","level":"info","event":"DAG bundles loaded: dags-folder, example_dags, apache-airflow-providers-common-sql-example-dags, apache-airflow-providers-standard-example-dags","try_number":1,"ti_id":"019fb324-f980-7a1a-bc7c-437558f00735","map_index":-1,"dag_id":"genre_pipeline","run_id":"manual__2026-07-30T13:09:32.427843+00:00","task_id":"extract_musicbrainz","logger":"airflow.dag_processing.bundles.manager.DagBundlesManager","filename":"manager.py","lineno":271}
{"timestamp":"2026-07-30T13:10:34.361899Z","level":"info","event":"Filling up the DagBag from /opt/airflow/dags/genre_pipeline_dag.py","try_number":1,"ti_id":"019fb324-f980-7a1a-bc7c-437558f00735","map_index":-1,"dag_id":"genre_pipeline","run_id":"manual__2026-07-30T13:09:32.427843+00:00","task_id":"extract_musicbrainz","logger":"airflow.dag_processing.dagbag.BundleDagBag","filename":"dagbag.py","lineno":460}
{"timestamp":"2026-07-30T13:10:34.420394Z","level":"warning","event":"The `airflow.decorators.dag` attribute is deprecated. Please use `'airflow.sdk.dag'`.","category":"UserWarning","filename":"/opt/airflow/dags/genre_pipeline_dag.py","lineno":31,"try_number":1,"ti_id":"019fb324-f980-7a1a-bc7c-437558f00735","map_index":-1,"dag_id":"genre_pipeline","run_id":"manual__2026-07-30T13:09:32.427843+00:00","task_id":"extract_musicbrainz","logger":"py.warnings"}
{"timestamp":"2026-07-30T13:10:34.420810Z","level":"warning","event":"The `airflow.decorators.task` attribute is deprecated. Please use `'airflow.sdk.task'`.","category":"UserWarning","filename":"/opt/airflow/dags/genre_pipeline_dag.py","lineno":31,"try_number":1,"ti_id":"019fb324-f980-7a1a-bc7c-437558f00735","map_index":-1,"dag_id":"genre_pipeline","run_id":"manual__2026-07-30T13:09:32.427843+00:00","task_id":"extract_musicbrainz","logger":"py.warnings"}
{"timestamp":"2026-07-30T13:10:34.426166Z","level":"info","event":"Worker startup parse complete","bundle_name":"dags-folder","bundle_version":null,"dag_file":"genre_pipeline_dag.py","dag_id":"genre_pipeline","bundle_prepare_ms":11,"dag_file_parse_ms":64,"try_number":1,"ti_id":"019fb324-f980-7a1a-bc7c-437558f00735","map_index":-1,"run_id":"manual__2026-07-30T13:09:32.427843+00:00","task_id":"extract_musicbrainz","logger":"task","filename":"task_runner.py","lineno":1062}
{"timestamp":"2026-07-30T13:10:34.571617Z","level":"info","event":"Task instance is in running state","logger":"task.stdout"}
{"timestamp":"2026-07-30T13:10:34.572791Z","level":"info","event":" Previous state of the Task instance: TaskInstanceState.QUEUED","logger":"task.stdout"}
{"timestamp":"2026-07-30T13:10:34.575356Z","level":"info","event":"Current task name:extract_musicbrainz","logger":"task.stdout"}
{"timestamp":"2026-07-30T13:10:34.576164Z","level":"info","event":"Dag name:genre_pipeline","logger":"task.stdout"}
{"timestamp":"2026-07-30T13:10:34.572414Z","level":"info","event":"::endgroup::","try_number":1,"ti_id":"019fb324-f980-7a1a-bc7c-437558f00735","map_index":-1,"dag_id":"genre_pipeline","run_id":"manual__2026-07-30T13:09:32.427843+00:00","task_id":"extract_musicbrainz","logger":"task","filename":"task_runner.py","lineno":2107}
{"timestamp":"2026-07-30T13:10:34.870431Z","level":"info","event":"[musicbrainz] 122 unique artists to resolve","logger":"task.stdout"}
{"timestamp":"2026-07-30T13:10:35.299893Z","level":"info","event":"  50/122 artists done","logger":"task.stdout"}
{"timestamp":"2026-07-30T13:11:40.876742Z","level":"info","event":"  100/122 artists done","logger":"task.stdout"}
{"timestamp":"2026-07-30T13:12:00.896553Z","level":"info","event":"  503 rate-limited, waiting 2s (attempt 1/3)","logger":"task.stdout"}
{"timestamp":"2026-07-30T13:12:19.003692Z","level":"info","event":"  503 rate-limited, waiting 2s (attempt 1/3)","logger":"task.stdout"}
{"timestamp":"2026-07-30T13:12:38.543537Z","level":"info","event":"[musicbrainz] 97/122 artists had at least one genre","logger":"task.stdout"}
{"timestamp":"2026-07-30T13:12:38.545057Z","level":"info","event":"Done. Raw files in /opt/airflow/data/raw/musicbrainz","logger":"task.stdout"}
{"timestamp":"2026-07-30T13:12:38.548009Z","level":"info","event":"Done. Returned value was: None","try_number":1,"ti_id":"019fb324-f980-7a1a-bc7c-437558f00735","map_index":-1,"dag_id":"genre_pipeline","run_id":"manual__2026-07-30T13:09:32.427843+00:00","task_id":"extract_musicbrainz","logger":"airflow.task.operators.airflow.providers.standard.decorators.python._PythonDecoratedOperator","filename":"python.py","lineno":233}
{"timestamp":"2026-07-30T13:12:38.551274Z","level":"info","event":"::group::Post Execute","try_number":1,"ti_id":"019fb324-f980-7a1a-bc7c-437558f00735","map_index":-1,"dag_id":"genre_pipeline","run_id":"manual__2026-07-30T13:09:32.427843+00:00","task_id":"extract_musicbrainz","logger":"task","filename":"task_runner.py","lineno":1577}
{"timestamp":"2026-07-30T13:12:38.594592Z","level":"info","event":"Task instance in success state","logger":"task.stdout"}
{"timestamp":"2026-07-30T13:12:38.595319Z","level":"info","event":" Previous state of the Task instance: TaskInstanceState.RUNNING","logger":"task.stdout"}
{"timestamp":"2026-07-30T13:12:38.598010Z","level":"info","event":"Task operator:<Task(_PythonDecoratedOperator): extract_musicbrainz>","logger":"task.stdout"}
{"timestamp":"2026-07-30T13:12:38.598216Z","level":"info","event":"::endgroup::","try_number":1,"ti_id":"019fb324-f980-7a1a-bc7c-437558f00735","map_index":-1,"dag_id":"genre_pipeline","run_id":"manual__2026-07-30T13:09:32.427843+00:00","task_id":"extract_musicbrainz","logger":"task","filename":"task_runner.py","lineno":2270}
