{"timestamp":"2026-07-30T12:54:08.611679Z","level":"info","event":"::group::Pre Execute","logger":"task","filename":"task_runner.py","lineno":2303}
{"timestamp":"2026-07-30T12:54:08.930688Z","level":"info","event":"DAG bundles loaded: dags-folder, example_dags, apache-airflow-providers-common-sql-example-dags, apache-airflow-providers-standard-example-dags","map_index":-1,"ti_id":"019fb316-c8de-7692-92e5-ca5e7677fd7d","task_id":"extract_kworb","try_number":1,"run_id":"manual__2026-07-30T12:54:02.351748+00:00","dag_id":"genre_pipeline","logger":"airflow.dag_processing.bundles.manager.DagBundlesManager","filename":"manager.py","lineno":271}
{"timestamp":"2026-07-30T12:54:08.942501Z","level":"info","event":"Filling up the DagBag from /opt/airflow/dags/genre_pipeline_dag.py","map_index":-1,"ti_id":"019fb316-c8de-7692-92e5-ca5e7677fd7d","task_id":"extract_kworb","try_number":1,"run_id":"manual__2026-07-30T12:54:02.351748+00:00","dag_id":"genre_pipeline","logger":"airflow.dag_processing.dagbag.BundleDagBag","filename":"dagbag.py","lineno":460}
{"timestamp":"2026-07-30T12:54:09.305787Z","level":"warning","event":"The `airflow.decorators.dag` attribute is deprecated. Please use `'airflow.sdk.dag'`.","category":"UserWarning","filename":"/opt/airflow/dags/genre_pipeline_dag.py","lineno":29,"map_index":-1,"ti_id":"019fb316-c8de-7692-92e5-ca5e7677fd7d","task_id":"extract_kworb","try_number":1,"run_id":"manual__2026-07-30T12:54:02.351748+00:00","dag_id":"genre_pipeline","logger":"py.warnings"}
{"timestamp":"2026-07-30T12:54:09.307166Z","level":"warning","event":"The `airflow.decorators.task` attribute is deprecated. Please use `'airflow.sdk.task'`.","category":"UserWarning","filename":"/opt/airflow/dags/genre_pipeline_dag.py","lineno":29,"map_index":-1,"ti_id":"019fb316-c8de-7692-92e5-ca5e7677fd7d","task_id":"extract_kworb","try_number":1,"run_id":"manual__2026-07-30T12:54:02.351748+00:00","dag_id":"genre_pipeline","logger":"py.warnings"}
{"timestamp":"2026-07-30T12:54:09.350253Z","level":"info","event":"Worker startup parse complete","bundle_name":"dags-folder","bundle_version":null,"dag_file":"genre_pipeline_dag.py","dag_id":"genre_pipeline","bundle_prepare_ms":56,"dag_file_parse_ms":411,"map_index":-1,"ti_id":"019fb316-c8de-7692-92e5-ca5e7677fd7d","task_id":"extract_kworb","try_number":1,"run_id":"manual__2026-07-30T12:54:02.351748+00:00","logger":"task","filename":"task_runner.py","lineno":1062}
{"timestamp":"2026-07-30T12:54:10.379180Z","level":"info","event":"Task instance is in running state","logger":"task.stdout"}
{"timestamp":"2026-07-30T12:54:10.383946Z","level":"info","event":" Previous state of the Task instance: TaskInstanceState.QUEUED","logger":"task.stdout"}
{"timestamp":"2026-07-30T12:54:10.385567Z","level":"info","event":"Current task name:extract_kworb","logger":"task.stdout"}
{"timestamp":"2026-07-30T12:54:10.387723Z","level":"info","event":"Dag name:genre_pipeline","logger":"task.stdout"}
{"timestamp":"2026-07-30T12:54:10.383749Z","level":"info","event":"::endgroup::","map_index":-1,"ti_id":"019fb316-c8de-7692-92e5-ca5e7677fd7d","task_id":"extract_kworb","try_number":1,"run_id":"manual__2026-07-30T12:54:02.351748+00:00","dag_id":"genre_pipeline","logger":"task","filename":"task_runner.py","lineno":2107}
{"timestamp":"2026-07-30T12:54:15.543981Z","level":"info","event":"[kworb] United States ...","logger":"task.stdout"}
{"timestamp":"2026-07-30T12:54:19.654724Z","level":"info","event":"[kworb] United Kingdom ...","logger":"task.stdout"}
{"timestamp":"2026-07-30T12:54:22.407182Z","level":"info","event":"[kworb] Germany ...","logger":"task.stdout"}
{"timestamp":"2026-07-30T12:54:25.276734Z","level":"info","event":"[kworb] France ...","logger":"task.stdout"}
{"timestamp":"2026-07-30T12:54:28.022469Z","level":"info","event":"[kworb] Brazil ...","logger":"task.stdout"}
{"timestamp":"2026-07-30T12:54:31.083751Z","level":"info","event":"[kworb] Japan ...","logger":"task.stdout"}
{"timestamp":"2026-07-30T12:54:33.846034Z","level":"info","event":"[kworb] South Korea ...","logger":"task.stdout"}
{"timestamp":"2026-07-30T12:54:36.569219Z","level":"info","event":"[kworb] Mexico ...","logger":"task.stdout"}
{"timestamp":"2026-07-30T12:54:39.281471Z","level":"info","event":"[kworb] India ...","logger":"task.stdout"}
{"timestamp":"2026-07-30T12:54:42.249742Z","level":"info","event":"[kworb] Canada ...","logger":"task.stdout"}
{"timestamp":"2026-07-30T12:54:44.918280Z","level":"info","event":"[kworb] Australia ...","logger":"task.stdout"}
{"timestamp":"2026-07-30T12:54:47.683585Z","level":"info","event":"[kworb] Sweden ...","logger":"task.stdout"}
{"timestamp":"2026-07-30T12:54:51.046811Z","level":"info","event":"[kworb] Italy ...","logger":"task.stdout"}
{"timestamp":"2026-07-30T12:54:53.901841Z","level":"info","event":"[kworb] Spain ...","logger":"task.stdout"}
{"timestamp":"2026-07-30T12:54:56.680713Z","level":"info","event":"[kworb] Netherlands ...","logger":"task.stdout"}
{"timestamp":"2026-07-30T12:54:59.553364Z","level":"info","event":"[kworb] Philippines ...","logger":"task.stdout"}
{"timestamp":"2026-07-30T12:55:02.406929Z","level":"info","event":"[kworb] Indonesia ...","logger":"task.stdout"}
{"timestamp":"2026-07-30T12:55:05.337920Z","level":"info","event":"[kworb] Thailand ...","logger":"task.stdout"}
{"timestamp":"2026-07-30T12:55:08.145938Z","level":"info","event":"[kworb] Poland ...","logger":"task.stdout"}
{"timestamp":"2026-07-30T12:55:10.966876Z","level":"info","event":"[kworb] Turkey ...","logger":"task.stdout"}
{"timestamp":"2026-07-30T12:55:13.840681Z","level":"info","event":"Done. Raw files in /opt/airflow/data/raw/kworb","logger":"task.stdout"}
{"timestamp":"2026-07-30T12:55:13.856459Z","level":"info","event":"Done. Returned value was: None","map_index":-1,"ti_id":"019fb316-c8de-7692-92e5-ca5e7677fd7d","task_id":"extract_kworb","try_number":1,"run_id":"manual__2026-07-30T12:54:02.351748+00:00","dag_id":"genre_pipeline","logger":"airflow.task.operators.airflow.providers.standard.decorators.python._PythonDecoratedOperator","filename":"python.py","lineno":233}
{"timestamp":"2026-07-30T12:55:13.875666Z","level":"info","event":"::group::Post Execute","map_index":-1,"ti_id":"019fb316-c8de-7692-92e5-ca5e7677fd7d","task_id":"extract_kworb","try_number":1,"run_id":"manual__2026-07-30T12:54:02.351748+00:00","dag_id":"genre_pipeline","logger":"task","filename":"task_runner.py","lineno":1577}
{"timestamp":"2026-07-30T12:55:14.057073Z","level":"info","event":"Task instance in success state","logger":"task.stdout"}
{"timestamp":"2026-07-30T12:55:14.060420Z","level":"info","event":" Previous state of the Task instance: TaskInstanceState.RUNNING","logger":"task.stdout"}
{"timestamp":"2026-07-30T12:55:14.076596Z","level":"info","event":"Task operator:<Task(_PythonDecoratedOperator): extract_kworb>","logger":"task.stdout"}
{"timestamp":"2026-07-30T12:55:14.077555Z","level":"info","event":"::endgroup::","map_index":-1,"ti_id":"019fb316-c8de-7692-92e5-ca5e7677fd7d","task_id":"extract_kworb","try_number":1,"run_id":"manual__2026-07-30T12:54:02.351748+00:00","dag_id":"genre_pipeline","logger":"task","filename":"task_runner.py","lineno":2270}
