{"timestamp":"2026-07-30T12:35:55.316901Z","level":"info","event":"::group::Pre Execute","logger":"task","filename":"task_runner.py","lineno":2303}
{"timestamp":"2026-07-30T12:35:55.393657Z","level":"info","event":"DAG bundles loaded: dags-folder, example_dags, apache-airflow-providers-common-sql-example-dags, apache-airflow-providers-standard-example-dags","try_number":1,"ti_id":"019fb304-f588-7f82-9a8e-912c8a9f953c","map_index":-1,"run_id":"manual__2026-07-30T12:34:34.428973+00:00","task_id":"extract_deezer","dag_id":"genre_pipeline","logger":"airflow.dag_processing.bundles.manager.DagBundlesManager","filename":"manager.py","lineno":271}
{"timestamp":"2026-07-30T12:35:55.397166Z","level":"info","event":"Filling up the DagBag from /opt/airflow/dags/genre_pipeline_dag.py","try_number":1,"ti_id":"019fb304-f588-7f82-9a8e-912c8a9f953c","map_index":-1,"run_id":"manual__2026-07-30T12:34:34.428973+00:00","task_id":"extract_deezer","dag_id":"genre_pipeline","logger":"airflow.dag_processing.dagbag.BundleDagBag","filename":"dagbag.py","lineno":460}
{"timestamp":"2026-07-30T12:35:55.461387Z","level":"warning","event":"The `airflow.decorators.dag` attribute is deprecated. Please use `'airflow.sdk.dag'`.","category":"UserWarning","filename":"/opt/airflow/dags/genre_pipeline_dag.py","lineno":23,"try_number":1,"ti_id":"019fb304-f588-7f82-9a8e-912c8a9f953c","map_index":-1,"run_id":"manual__2026-07-30T12:34:34.428973+00:00","task_id":"extract_deezer","dag_id":"genre_pipeline","logger":"py.warnings"}
{"timestamp":"2026-07-30T12:35:55.461673Z","level":"warning","event":"The `airflow.decorators.task` attribute is deprecated. Please use `'airflow.sdk.task'`.","category":"UserWarning","filename":"/opt/airflow/dags/genre_pipeline_dag.py","lineno":23,"try_number":1,"ti_id":"019fb304-f588-7f82-9a8e-912c8a9f953c","map_index":-1,"run_id":"manual__2026-07-30T12:34:34.428973+00:00","task_id":"extract_deezer","dag_id":"genre_pipeline","logger":"py.warnings"}
{"timestamp":"2026-07-30T12:35:55.466811Z","level":"info","event":"Worker startup parse complete","bundle_name":"dags-folder","bundle_version":null,"dag_file":"genre_pipeline_dag.py","dag_id":"genre_pipeline","bundle_prepare_ms":10,"dag_file_parse_ms":70,"try_number":1,"ti_id":"019fb304-f588-7f82-9a8e-912c8a9f953c","map_index":-1,"run_id":"manual__2026-07-30T12:34:34.428973+00:00","task_id":"extract_deezer","logger":"task","filename":"task_runner.py","lineno":1062}
{"timestamp":"2026-07-30T12:35:55.530860Z","level":"info","event":"Task instance is in running state","logger":"task.stdout"}
{"timestamp":"2026-07-30T12:35:55.531824Z","level":"info","event":" Previous state of the Task instance: TaskInstanceState.QUEUED","logger":"task.stdout"}
{"timestamp":"2026-07-30T12:35:55.532408Z","level":"info","event":"Current task name:extract_deezer","logger":"task.stdout"}
{"timestamp":"2026-07-30T12:35:55.533136Z","level":"info","event":"Dag name:genre_pipeline","logger":"task.stdout"}
{"timestamp":"2026-07-30T12:35:55.531578Z","level":"info","event":"::endgroup::","try_number":1,"ti_id":"019fb304-f588-7f82-9a8e-912c8a9f953c","map_index":-1,"run_id":"manual__2026-07-30T12:34:34.428973+00:00","task_id":"extract_deezer","dag_id":"genre_pipeline","logger":"task","filename":"task_runner.py","lineno":2107}
{"timestamp":"2026-07-30T12:35:55.742591Z","level":"info","event":"[deezer] 293 unique artists to resolve","logger":"task.stdout"}
{"timestamp":"2026-07-30T12:36:03.802216Z","level":"info","event":"  100/293 done","logger":"task.stdout"}
{"timestamp":"2026-07-30T12:36:11.283879Z","level":"info","event":"  200/293 done","logger":"task.stdout"}
{"timestamp":"2026-07-30T12:36:18.429576Z","level":"info","event":"Done. 240 artists with images -> /opt/airflow/data/raw/deezer/artists.json","logger":"task.stdout"}
{"timestamp":"2026-07-30T12:36:18.430395Z","level":"info","event":"Done. Returned value was: None","try_number":1,"ti_id":"019fb304-f588-7f82-9a8e-912c8a9f953c","map_index":-1,"run_id":"manual__2026-07-30T12:34:34.428973+00:00","task_id":"extract_deezer","dag_id":"genre_pipeline","logger":"airflow.task.operators.airflow.providers.standard.decorators.python._PythonDecoratedOperator","filename":"python.py","lineno":233}
{"timestamp":"2026-07-30T12:36:18.430641Z","level":"info","event":"::group::Post Execute","try_number":1,"ti_id":"019fb304-f588-7f82-9a8e-912c8a9f953c","map_index":-1,"run_id":"manual__2026-07-30T12:34:34.428973+00:00","task_id":"extract_deezer","dag_id":"genre_pipeline","logger":"task","filename":"task_runner.py","lineno":1577}
{"timestamp":"2026-07-30T12:36:18.452264Z","level":"info","event":"Task instance in success state","logger":"task.stdout"}
{"timestamp":"2026-07-30T12:36:18.452919Z","level":"info","event":" Previous state of the Task instance: TaskInstanceState.RUNNING","logger":"task.stdout"}
{"timestamp":"2026-07-30T12:36:18.453819Z","level":"info","event":"Task operator:<Task(_PythonDecoratedOperator): extract_deezer>","logger":"task.stdout"}
{"timestamp":"2026-07-30T12:36:18.452491Z","level":"info","event":"::endgroup::","try_number":1,"ti_id":"019fb304-f588-7f82-9a8e-912c8a9f953c","map_index":-1,"run_id":"manual__2026-07-30T12:34:34.428973+00:00","task_id":"extract_deezer","dag_id":"genre_pipeline","logger":"task","filename":"task_runner.py","lineno":2270}
