{"timestamp":"2026-07-30T12:59:20.938439Z","level":"info","event":"::group::Pre Execute","logger":"task","filename":"task_runner.py","lineno":2303}
{"timestamp":"2026-07-30T12:59:21.397280Z","level":"info","event":"DAG bundles loaded: dags-folder, example_dags, apache-airflow-providers-common-sql-example-dags, apache-airflow-providers-standard-example-dags","run_id":"manual__2026-07-30T12:59:18.548877+00:00","task_id":"extract_kworb","try_number":1,"map_index":-1,"ti_id":"019fb31b-9b24-758d-b9b2-014e345fd53e","dag_id":"genre_pipeline","logger":"airflow.dag_processing.bundles.manager.DagBundlesManager","filename":"manager.py","lineno":271}
{"timestamp":"2026-07-30T12:59:21.411077Z","level":"info","event":"Filling up the DagBag from /opt/airflow/dags/genre_pipeline_dag.py","run_id":"manual__2026-07-30T12:59:18.548877+00:00","task_id":"extract_kworb","try_number":1,"map_index":-1,"ti_id":"019fb31b-9b24-758d-b9b2-014e345fd53e","dag_id":"genre_pipeline","logger":"airflow.dag_processing.dagbag.BundleDagBag","filename":"dagbag.py","lineno":460}
{"timestamp":"2026-07-30T12:59:21.569601Z","level":"warning","event":"The `airflow.decorators.dag` attribute is deprecated. Please use `'airflow.sdk.dag'`.","category":"UserWarning","filename":"/opt/airflow/dags/genre_pipeline_dag.py","lineno":31,"run_id":"manual__2026-07-30T12:59:18.548877+00:00","task_id":"extract_kworb","try_number":1,"map_index":-1,"ti_id":"019fb31b-9b24-758d-b9b2-014e345fd53e","dag_id":"genre_pipeline","logger":"py.warnings"}
{"timestamp":"2026-07-30T12:59:21.569780Z","level":"warning","event":"The `airflow.decorators.task` attribute is deprecated. Please use `'airflow.sdk.task'`.","category":"UserWarning","filename":"/opt/airflow/dags/genre_pipeline_dag.py","lineno":31,"run_id":"manual__2026-07-30T12:59:18.548877+00:00","task_id":"extract_kworb","try_number":1,"map_index":-1,"ti_id":"019fb31b-9b24-758d-b9b2-014e345fd53e","dag_id":"genre_pipeline","logger":"py.warnings"}
{"timestamp":"2026-07-30T12:59:21.579261Z","level":"info","event":"Worker startup parse complete","bundle_name":"dags-folder","bundle_version":null,"dag_file":"genre_pipeline_dag.py","dag_id":"genre_pipeline","bundle_prepare_ms":38,"dag_file_parse_ms":173,"run_id":"manual__2026-07-30T12:59:18.548877+00:00","task_id":"extract_kworb","try_number":1,"map_index":-1,"ti_id":"019fb31b-9b24-758d-b9b2-014e345fd53e","logger":"task","filename":"task_runner.py","lineno":1062}
{"timestamp":"2026-07-30T12:59:21.667994Z","level":"info","event":"Task instance is in running state","logger":"task.stdout"}
{"timestamp":"2026-07-30T12:59:21.668729Z","level":"info","event":" Previous state of the Task instance: TaskInstanceState.QUEUED","logger":"task.stdout"}
{"timestamp":"2026-07-30T12:59:21.669775Z","level":"info","event":"Current task name:extract_kworb","logger":"task.stdout"}
{"timestamp":"2026-07-30T12:59:21.670667Z","level":"info","event":"Dag name:genre_pipeline","logger":"task.stdout"}
{"timestamp":"2026-07-30T12:59:21.670186Z","level":"info","event":"::endgroup::","run_id":"manual__2026-07-30T12:59:18.548877+00:00","task_id":"extract_kworb","try_number":1,"map_index":-1,"ti_id":"019fb31b-9b24-758d-b9b2-014e345fd53e","dag_id":"genre_pipeline","logger":"task","filename":"task_runner.py","lineno":2107}
{"timestamp":"2026-07-30T12:59:22.656542Z","level":"info","event":"[kworb] United States ...","logger":"task.stdout"}
{"timestamp":"2026-07-30T12:59:26.379788Z","level":"info","event":"[kworb] United Kingdom ...","logger":"task.stdout"}
{"timestamp":"2026-07-30T12:59:29.218935Z","level":"info","event":"[kworb] Germany ...","logger":"task.stdout"}
{"timestamp":"2026-07-30T12:59:32.298508Z","level":"info","event":"[kworb] France ...","logger":"task.stdout"}
{"timestamp":"2026-07-30T12:59:35.656985Z","level":"info","event":"[kworb] Brazil ...","logger":"task.stdout"}
{"timestamp":"2026-07-30T12:59:38.928854Z","level":"info","event":"[kworb] Japan ...","logger":"task.stdout"}
{"timestamp":"2026-07-30T12:59:41.841282Z","level":"info","event":"[kworb] South Korea ...","logger":"task.stdout"}
{"timestamp":"2026-07-30T12:59:44.782062Z","level":"info","event":"[kworb] Mexico ...","logger":"task.stdout"}
{"timestamp":"2026-07-30T12:59:47.577871Z","level":"info","event":"[kworb] India ...","logger":"task.stdout"}
{"timestamp":"2026-07-30T12:59:50.708074Z","level":"info","event":"[kworb] Canada ...","logger":"task.stdout"}
{"timestamp":"2026-07-30T12:59:53.453596Z","level":"info","event":"[kworb] Australia ...","logger":"task.stdout"}
{"timestamp":"2026-07-30T12:59:56.177305Z","level":"info","event":"[kworb] Sweden ...","logger":"task.stdout"}
{"timestamp":"2026-07-30T12:59:59.337116Z","level":"info","event":"[kworb] Italy ...","logger":"task.stdout"}
{"timestamp":"2026-07-30T13:00:02.032564Z","level":"info","event":"[kworb] Spain ...","logger":"task.stdout"}
{"timestamp":"2026-07-30T13:00:04.724193Z","level":"info","event":"[kworb] Netherlands ...","logger":"task.stdout"}
{"timestamp":"2026-07-30T13:00:07.596997Z","level":"info","event":"[kworb] Philippines ...","logger":"task.stdout"}
{"timestamp":"2026-07-30T13:00:10.360748Z","level":"info","event":"[kworb] Indonesia ...","logger":"task.stdout"}
{"timestamp":"2026-07-30T13:00:13.240476Z","level":"info","event":"[kworb] Thailand ...","logger":"task.stdout"}
{"timestamp":"2026-07-30T13:00:16.013206Z","level":"info","event":"[kworb] Poland ...","logger":"task.stdout"}
{"timestamp":"2026-07-30T13:00:18.766892Z","level":"info","event":"[kworb] Turkey ...","logger":"task.stdout"}
{"timestamp":"2026-07-30T13:00:21.526260Z","level":"info","event":"Done. Raw files in /opt/airflow/data/raw/kworb","logger":"task.stdout"}
{"timestamp":"2026-07-30T13:00:21.538054Z","level":"info","event":"Done. Returned value was: None","run_id":"manual__2026-07-30T12:59:18.548877+00:00","task_id":"extract_kworb","try_number":1,"map_index":-1,"ti_id":"019fb31b-9b24-758d-b9b2-014e345fd53e","dag_id":"genre_pipeline","logger":"airflow.task.operators.airflow.providers.standard.decorators.python._PythonDecoratedOperator","filename":"python.py","lineno":233}
{"timestamp":"2026-07-30T13:00:21.542073Z","level":"info","event":"::group::Post Execute","run_id":"manual__2026-07-30T12:59:18.548877+00:00","task_id":"extract_kworb","try_number":1,"map_index":-1,"ti_id":"019fb31b-9b24-758d-b9b2-014e345fd53e","dag_id":"genre_pipeline","logger":"task","filename":"task_runner.py","lineno":1577}
{"timestamp":"2026-07-30T13:00:21.579906Z","level":"info","event":"Task instance in success state","logger":"task.stdout"}
{"timestamp":"2026-07-30T13:00:21.581140Z","level":"info","event":" Previous state of the Task instance: TaskInstanceState.RUNNING","logger":"task.stdout"}
{"timestamp":"2026-07-30T13:00:21.593884Z","level":"info","event":"Task operator:<Task(_PythonDecoratedOperator): extract_kworb>","logger":"task.stdout"}
{"timestamp":"2026-07-30T13:00:21.584377Z","level":"info","event":"::endgroup::","run_id":"manual__2026-07-30T12:59:18.548877+00:00","task_id":"extract_kworb","try_number":1,"map_index":-1,"ti_id":"019fb31b-9b24-758d-b9b2-014e345fd53e","dag_id":"genre_pipeline","logger":"task","filename":"task_runner.py","lineno":2270}
