{"timestamp":"2026-07-30T12:34:40.502428Z","level":"info","event":"::group::Pre Execute","logger":"task","filename":"task_runner.py","lineno":2303}
{"timestamp":"2026-07-30T12:34:57.134221Z","level":"info","event":"DAG bundles loaded: dags-folder, example_dags, apache-airflow-providers-common-sql-example-dags, apache-airflow-providers-standard-example-dags","task_id":"extract_kworb","dag_id":"genre_pipeline","ti_id":"019fb304-f585-76ce-9a4a-c6a92676854e","run_id":"manual__2026-07-30T12:34:34.428973+00:00","try_number":1,"map_index":-1,"logger":"airflow.dag_processing.bundles.manager.DagBundlesManager","filename":"manager.py","lineno":271}
{"timestamp":"2026-07-30T12:34:57.149195Z","level":"info","event":"Filling up the DagBag from /opt/airflow/dags/genre_pipeline_dag.py","task_id":"extract_kworb","dag_id":"genre_pipeline","ti_id":"019fb304-f585-76ce-9a4a-c6a92676854e","run_id":"manual__2026-07-30T12:34:34.428973+00:00","try_number":1,"map_index":-1,"logger":"airflow.dag_processing.dagbag.BundleDagBag","filename":"dagbag.py","lineno":460}
{"timestamp":"2026-07-30T12:34:57.327768Z","level":"warning","event":"The `airflow.decorators.dag` attribute is deprecated. Please use `'airflow.sdk.dag'`.","category":"UserWarning","filename":"/opt/airflow/dags/genre_pipeline_dag.py","lineno":23,"task_id":"extract_kworb","dag_id":"genre_pipeline","ti_id":"019fb304-f585-76ce-9a4a-c6a92676854e","run_id":"manual__2026-07-30T12:34:34.428973+00:00","try_number":1,"map_index":-1,"logger":"py.warnings"}
{"timestamp":"2026-07-30T12:34:57.328714Z","level":"warning","event":"The `airflow.decorators.task` attribute is deprecated. Please use `'airflow.sdk.task'`.","category":"UserWarning","filename":"/opt/airflow/dags/genre_pipeline_dag.py","lineno":23,"task_id":"extract_kworb","dag_id":"genre_pipeline","ti_id":"019fb304-f585-76ce-9a4a-c6a92676854e","run_id":"manual__2026-07-30T12:34:34.428973+00:00","try_number":1,"map_index":-1,"logger":"py.warnings"}
{"timestamp":"2026-07-30T12:34:57.340532Z","level":"info","event":"Worker startup parse complete","bundle_name":"dags-folder","bundle_version":null,"dag_file":"genre_pipeline_dag.py","dag_id":"genre_pipeline","bundle_prepare_ms":39,"dag_file_parse_ms":197,"task_id":"extract_kworb","ti_id":"019fb304-f585-76ce-9a4a-c6a92676854e","run_id":"manual__2026-07-30T12:34:34.428973+00:00","try_number":1,"map_index":-1,"logger":"task","filename":"task_runner.py","lineno":1062}
{"timestamp":"2026-07-30T12:34:57.507425Z","level":"info","event":"Task instance is in running state","logger":"task.stdout"}
{"timestamp":"2026-07-30T12:34:57.508292Z","level":"info","event":" Previous state of the Task instance: TaskInstanceState.QUEUED","logger":"task.stdout"}
{"timestamp":"2026-07-30T12:34:57.509360Z","level":"info","event":"Current task name:extract_kworb","logger":"task.stdout"}
{"timestamp":"2026-07-30T12:34:57.510590Z","level":"info","event":"Dag name:genre_pipeline","logger":"task.stdout"}
{"timestamp":"2026-07-30T12:34:57.507276Z","level":"info","event":"::endgroup::","task_id":"extract_kworb","dag_id":"genre_pipeline","ti_id":"019fb304-f585-76ce-9a4a-c6a92676854e","run_id":"manual__2026-07-30T12:34:34.428973+00:00","try_number":1,"map_index":-1,"logger":"task","filename":"task_runner.py","lineno":2107}
{"timestamp":"2026-07-30T12:34:58.107912Z","level":"info","event":"[kworb] United States ...","logger":"task.stdout"}
{"timestamp":"2026-07-30T12:35:01.328588Z","level":"info","event":"[kworb] United Kingdom ...","logger":"task.stdout"}
{"timestamp":"2026-07-30T12:35:04.058309Z","level":"info","event":"[kworb] Germany ...","logger":"task.stdout"}
{"timestamp":"2026-07-30T12:35:06.738792Z","level":"info","event":"[kworb] France ...","logger":"task.stdout"}
{"timestamp":"2026-07-30T12:35:09.428970Z","level":"info","event":"[kworb] Brazil ...","logger":"task.stdout"}
{"timestamp":"2026-07-30T12:35:12.346664Z","level":"info","event":"[kworb] Japan ...","logger":"task.stdout"}
{"timestamp":"2026-07-30T12:35:15.028929Z","level":"info","event":"[kworb] South Korea ...","logger":"task.stdout"}
{"timestamp":"2026-07-30T12:35:17.738215Z","level":"info","event":"[kworb] Mexico ...","logger":"task.stdout"}
{"timestamp":"2026-07-30T12:35:20.645093Z","level":"info","event":"[kworb] India ...","logger":"task.stdout"}
{"timestamp":"2026-07-30T12:35:23.694998Z","level":"info","event":"[kworb] Canada ...","logger":"task.stdout"}
{"timestamp":"2026-07-30T12:35:26.417592Z","level":"info","event":"[kworb] Australia ...","logger":"task.stdout"}
{"timestamp":"2026-07-30T12:35:29.119162Z","level":"info","event":"[kworb] Sweden ...","logger":"task.stdout"}
{"timestamp":"2026-07-30T12:35:31.807948Z","level":"info","event":"[kworb] Italy ...","logger":"task.stdout"}
{"timestamp":"2026-07-30T12:35:34.903613Z","level":"info","event":"[kworb] Spain ...","logger":"task.stdout"}
{"timestamp":"2026-07-30T12:35:37.614858Z","level":"info","event":"[kworb] Netherlands ...","logger":"task.stdout"}
{"timestamp":"2026-07-30T12:35:40.323351Z","level":"info","event":"[kworb] Philippines ...","logger":"task.stdout"}
{"timestamp":"2026-07-30T12:35:43.022080Z","level":"info","event":"[kworb] Indonesia ...","logger":"task.stdout"}
{"timestamp":"2026-07-30T12:35:45.727038Z","level":"info","event":"[kworb] Thailand ...","logger":"task.stdout"}
{"timestamp":"2026-07-30T12:35:48.407395Z","level":"info","event":"[kworb] Poland ...","logger":"task.stdout"}
{"timestamp":"2026-07-30T12:35:51.106369Z","level":"info","event":"[kworb] Turkey ...","logger":"task.stdout"}
{"timestamp":"2026-07-30T12:35:53.847629Z","level":"info","event":"Done. Raw files in /opt/airflow/data/raw/kworb","logger":"task.stdout"}
{"timestamp":"2026-07-30T12:35:53.851545Z","level":"info","event":"Done. Returned value was: None","task_id":"extract_kworb","dag_id":"genre_pipeline","ti_id":"019fb304-f585-76ce-9a4a-c6a92676854e","run_id":"manual__2026-07-30T12:34:34.428973+00:00","try_number":1,"map_index":-1,"logger":"airflow.task.operators.airflow.providers.standard.decorators.python._PythonDecoratedOperator","filename":"python.py","lineno":233}
{"timestamp":"2026-07-30T12:35:53.857910Z","level":"info","event":"::group::Post Execute","task_id":"extract_kworb","dag_id":"genre_pipeline","ti_id":"019fb304-f585-76ce-9a4a-c6a92676854e","run_id":"manual__2026-07-30T12:34:34.428973+00:00","try_number":1,"map_index":-1,"logger":"task","filename":"task_runner.py","lineno":1577}
{"timestamp":"2026-07-30T12:35:53.985110Z","level":"info","event":"Task instance in success state","logger":"task.stdout"}
{"timestamp":"2026-07-30T12:35:53.986756Z","level":"info","event":" Previous state of the Task instance: TaskInstanceState.RUNNING","logger":"task.stdout"}
{"timestamp":"2026-07-30T12:35:53.988253Z","level":"info","event":"Task operator:<Task(_PythonDecoratedOperator): extract_kworb>","logger":"task.stdout"}
{"timestamp":"2026-07-30T12:35:53.988576Z","level":"info","event":"::endgroup::","task_id":"extract_kworb","dag_id":"genre_pipeline","ti_id":"019fb304-f585-76ce-9a4a-c6a92676854e","run_id":"manual__2026-07-30T12:34:34.428973+00:00","try_number":1,"map_index":-1,"logger":"task","filename":"task_runner.py","lineno":2270}
