{"timestamp":"2026-07-30T12:55:20.057838Z","level":"info","event":"::group::Pre Execute","logger":"task","filename":"task_runner.py","lineno":2303}
{"timestamp":"2026-07-30T12:55:20.224695Z","level":"info","event":"DAG bundles loaded: dags-folder, example_dags, apache-airflow-providers-common-sql-example-dags, apache-airflow-providers-standard-example-dags","try_number":1,"run_id":"manual__2026-07-30T12:54:02.351748+00:00","ti_id":"019fb316-c8e1-786f-b65e-8359b744545c","task_id":"extract_deezer","map_index":-1,"dag_id":"genre_pipeline","logger":"airflow.dag_processing.bundles.manager.DagBundlesManager","filename":"manager.py","lineno":271}
{"timestamp":"2026-07-30T12:55:20.230152Z","level":"info","event":"Filling up the DagBag from /opt/airflow/dags/genre_pipeline_dag.py","try_number":1,"run_id":"manual__2026-07-30T12:54:02.351748+00:00","ti_id":"019fb316-c8e1-786f-b65e-8359b744545c","task_id":"extract_deezer","map_index":-1,"dag_id":"genre_pipeline","logger":"airflow.dag_processing.dagbag.BundleDagBag","filename":"dagbag.py","lineno":460}
{"timestamp":"2026-07-30T12:55:20.370147Z","level":"warning","event":"The `airflow.decorators.dag` attribute is deprecated. Please use `'airflow.sdk.dag'`.","category":"UserWarning","filename":"/opt/airflow/dags/genre_pipeline_dag.py","lineno":29,"try_number":1,"run_id":"manual__2026-07-30T12:54:02.351748+00:00","ti_id":"019fb316-c8e1-786f-b65e-8359b744545c","task_id":"extract_deezer","map_index":-1,"dag_id":"genre_pipeline","logger":"py.warnings"}
{"timestamp":"2026-07-30T12:55:20.370588Z","level":"warning","event":"The `airflow.decorators.task` attribute is deprecated. Please use `'airflow.sdk.task'`.","category":"UserWarning","filename":"/opt/airflow/dags/genre_pipeline_dag.py","lineno":29,"try_number":1,"run_id":"manual__2026-07-30T12:54:02.351748+00:00","ti_id":"019fb316-c8e1-786f-b65e-8359b744545c","task_id":"extract_deezer","map_index":-1,"dag_id":"genre_pipeline","logger":"py.warnings"}
{"timestamp":"2026-07-30T12:55:20.373955Z","level":"info","event":"Worker startup parse complete","bundle_name":"dags-folder","bundle_version":null,"dag_file":"genre_pipeline_dag.py","dag_id":"genre_pipeline","bundle_prepare_ms":17,"dag_file_parse_ms":146,"try_number":1,"run_id":"manual__2026-07-30T12:54:02.351748+00:00","ti_id":"019fb316-c8e1-786f-b65e-8359b744545c","task_id":"extract_deezer","map_index":-1,"logger":"task","filename":"task_runner.py","lineno":1062}
{"timestamp":"2026-07-30T12:55:20.432717Z","level":"info","event":"Task instance is in running state","logger":"task.stdout"}
{"timestamp":"2026-07-30T12:55:20.433393Z","level":"info","event":" Previous state of the Task instance: TaskInstanceState.QUEUED","logger":"task.stdout"}
{"timestamp":"2026-07-30T12:55:20.434044Z","level":"info","event":"Current task name:extract_deezer","logger":"task.stdout"}
{"timestamp":"2026-07-30T12:55:20.434977Z","level":"info","event":"Dag name:genre_pipeline","logger":"task.stdout"}
{"timestamp":"2026-07-30T12:55:20.433441Z","level":"info","event":"::endgroup::","try_number":1,"run_id":"manual__2026-07-30T12:54:02.351748+00:00","ti_id":"019fb316-c8e1-786f-b65e-8359b744545c","task_id":"extract_deezer","map_index":-1,"dag_id":"genre_pipeline","logger":"task","filename":"task_runner.py","lineno":2107}
{"timestamp":"2026-07-30T12:55:20.596855Z","level":"info","event":"[deezer] 293 unique artists to resolve","logger":"task.stdout"}
{"timestamp":"2026-07-30T12:55:20.812220Z","level":"info","event":"  100/293 done","logger":"task.stdout"}
{"timestamp":"2026-07-30T12:55:20.921586Z","level":"info","event":"  200/293 done","logger":"task.stdout"}
{"timestamp":"2026-07-30T12:55:21.117184Z","level":"info","event":"Done. 240 artists with images -> /opt/airflow/data/raw/deezer/artists.json","logger":"task.stdout"}
{"timestamp":"2026-07-30T12:55:21.118074Z","level":"info","event":"Done. Returned value was: None","try_number":1,"run_id":"manual__2026-07-30T12:54:02.351748+00:00","ti_id":"019fb316-c8e1-786f-b65e-8359b744545c","task_id":"extract_deezer","map_index":-1,"dag_id":"genre_pipeline","logger":"airflow.task.operators.airflow.providers.standard.decorators.python._PythonDecoratedOperator","filename":"python.py","lineno":233}
{"timestamp":"2026-07-30T12:55:21.118518Z","level":"info","event":"::group::Post Execute","try_number":1,"run_id":"manual__2026-07-30T12:54:02.351748+00:00","ti_id":"019fb316-c8e1-786f-b65e-8359b744545c","task_id":"extract_deezer","map_index":-1,"dag_id":"genre_pipeline","logger":"task","filename":"task_runner.py","lineno":1577}
{"timestamp":"2026-07-30T12:55:21.146112Z","level":"info","event":"Task instance in success state","logger":"task.stdout"}
{"timestamp":"2026-07-30T12:55:21.148013Z","level":"info","event":" Previous state of the Task instance: TaskInstanceState.RUNNING","logger":"task.stdout"}
{"timestamp":"2026-07-30T12:55:21.149543Z","level":"info","event":"Task operator:<Task(_PythonDecoratedOperator): extract_deezer>","logger":"task.stdout"}
{"timestamp":"2026-07-30T12:55:21.146614Z","level":"info","event":"::endgroup::","try_number":1,"run_id":"manual__2026-07-30T12:54:02.351748+00:00","ti_id":"019fb316-c8e1-786f-b65e-8359b744545c","task_id":"extract_deezer","map_index":-1,"dag_id":"genre_pipeline","logger":"task","filename":"task_runner.py","lineno":2270}
