{"timestamp":"2026-07-30T13:09:35.826748Z","level":"info","event":"::group::Pre Execute","logger":"task","filename":"task_runner.py","lineno":2303}
{"timestamp":"2026-07-30T13:09:36.035525Z","level":"info","event":"DAG bundles loaded: dags-folder, example_dags, apache-airflow-providers-common-sql-example-dags, apache-airflow-providers-standard-example-dags","try_number":1,"ti_id":"019fb324-f97f-7845-a744-7ffed9516d6b","map_index":-1,"run_id":"manual__2026-07-30T13:09:32.427843+00:00","task_id":"extract_lastfm","dag_id":"genre_pipeline","logger":"airflow.dag_processing.bundles.manager.DagBundlesManager","filename":"manager.py","lineno":271}
{"timestamp":"2026-07-30T13:09:36.049026Z","level":"info","event":"Filling up the DagBag from /opt/airflow/dags/genre_pipeline_dag.py","try_number":1,"ti_id":"019fb324-f97f-7845-a744-7ffed9516d6b","map_index":-1,"run_id":"manual__2026-07-30T13:09:32.427843+00:00","task_id":"extract_lastfm","dag_id":"genre_pipeline","logger":"airflow.dag_processing.dagbag.BundleDagBag","filename":"dagbag.py","lineno":460}
{"timestamp":"2026-07-30T13:09:36.227989Z","level":"warning","event":"The `airflow.decorators.dag` attribute is deprecated. Please use `'airflow.sdk.dag'`.","category":"UserWarning","filename":"/opt/airflow/dags/genre_pipeline_dag.py","lineno":31,"try_number":1,"ti_id":"019fb324-f97f-7845-a744-7ffed9516d6b","map_index":-1,"run_id":"manual__2026-07-30T13:09:32.427843+00:00","task_id":"extract_lastfm","dag_id":"genre_pipeline","logger":"py.warnings"}
{"timestamp":"2026-07-30T13:09:36.228229Z","level":"warning","event":"The `airflow.decorators.task` attribute is deprecated. Please use `'airflow.sdk.task'`.","category":"UserWarning","filename":"/opt/airflow/dags/genre_pipeline_dag.py","lineno":31,"try_number":1,"ti_id":"019fb324-f97f-7845-a744-7ffed9516d6b","map_index":-1,"run_id":"manual__2026-07-30T13:09:32.427843+00:00","task_id":"extract_lastfm","dag_id":"genre_pipeline","logger":"py.warnings"}
{"timestamp":"2026-07-30T13:09:36.238859Z","level":"info","event":"Worker startup parse complete","bundle_name":"dags-folder","bundle_version":null,"dag_file":"genre_pipeline_dag.py","dag_id":"genre_pipeline","bundle_prepare_ms":30,"dag_file_parse_ms":196,"try_number":1,"ti_id":"019fb324-f97f-7845-a744-7ffed9516d6b","map_index":-1,"run_id":"manual__2026-07-30T13:09:32.427843+00:00","task_id":"extract_lastfm","logger":"task","filename":"task_runner.py","lineno":1062}
{"timestamp":"2026-07-30T13:09:36.358775Z","level":"info","event":"Task instance is in running state","logger":"task.stdout"}
{"timestamp":"2026-07-30T13:09:36.360060Z","level":"info","event":" Previous state of the Task instance: TaskInstanceState.QUEUED","logger":"task.stdout"}
{"timestamp":"2026-07-30T13:09:36.360630Z","level":"info","event":"Current task name:extract_lastfm","logger":"task.stdout"}
{"timestamp":"2026-07-30T13:09:36.361113Z","level":"info","event":"Dag name:genre_pipeline","logger":"task.stdout"}
{"timestamp":"2026-07-30T13:09:36.360332Z","level":"info","event":"::endgroup::","try_number":1,"ti_id":"019fb324-f97f-7845-a744-7ffed9516d6b","map_index":-1,"run_id":"manual__2026-07-30T13:09:32.427843+00:00","task_id":"extract_lastfm","dag_id":"genre_pipeline","logger":"task","filename":"task_runner.py","lineno":2107}
{"timestamp":"2026-07-30T13:09:36.519888Z","level":"info","event":"[lastfm] fetching top artists for United States ...","logger":"task.stdout"}
{"timestamp":"2026-07-30T13:09:36.986945Z","level":"info","event":"[lastfm] fetching top artists for United Kingdom ...","logger":"task.stdout"}
{"timestamp":"2026-07-30T13:09:37.334447Z","level":"info","event":"[lastfm] fetching top artists for Germany ...","logger":"task.stdout"}
{"timestamp":"2026-07-30T13:09:37.691849Z","level":"info","event":"[lastfm] fetching top artists for France ...","logger":"task.stdout"}
{"timestamp":"2026-07-30T13:09:38.046617Z","level":"info","event":"[lastfm] fetching top artists for Brazil ...","logger":"task.stdout"}
{"timestamp":"2026-07-30T13:09:38.395088Z","level":"info","event":"[lastfm] fetching top artists for Japan ...","logger":"task.stdout"}
{"timestamp":"2026-07-30T13:09:38.713471Z","level":"info","event":"[lastfm] fetching top artists for South Korea ...","logger":"task.stdout"}
{"timestamp":"2026-07-30T13:09:39.012574Z","level":"info","event":"[lastfm] fetching top artists for Mexico ...","logger":"task.stdout"}
{"timestamp":"2026-07-30T13:09:39.346346Z","level":"info","event":"[lastfm] fetching top artists for India ...","logger":"task.stdout"}
{"timestamp":"2026-07-30T13:09:39.719227Z","level":"info","event":"[lastfm] fetching top artists for Canada ...","logger":"task.stdout"}
{"timestamp":"2026-07-30T13:09:40.098339Z","level":"info","event":"[lastfm] fetching top artists for Australia ...","logger":"task.stdout"}
{"timestamp":"2026-07-30T13:09:40.451469Z","level":"info","event":"[lastfm] fetching top artists for Sweden ...","logger":"task.stdout"}
{"timestamp":"2026-07-30T13:09:40.794903Z","level":"info","event":"[lastfm] fetching top artists for Italy ...","logger":"task.stdout"}
{"timestamp":"2026-07-30T13:09:41.166345Z","level":"info","event":"[lastfm] fetching top artists for Spain ...","logger":"task.stdout"}
{"timestamp":"2026-07-30T13:09:41.533276Z","level":"info","event":"[lastfm] fetching top artists for Netherlands ...","logger":"task.stdout"}
{"timestamp":"2026-07-30T13:09:41.869206Z","level":"info","event":"[lastfm] fetching top artists for Philippines ...","logger":"task.stdout"}
{"timestamp":"2026-07-30T13:09:42.224146Z","level":"info","event":"[lastfm] fetching top artists for Indonesia ...","logger":"task.stdout"}
{"timestamp":"2026-07-30T13:09:42.584216Z","level":"info","event":"[lastfm] fetching top artists for Thailand ...","logger":"task.stdout"}
{"timestamp":"2026-07-30T13:09:42.941917Z","level":"info","event":"[lastfm] fetching top artists for Poland ...","logger":"task.stdout"}
{"timestamp":"2026-07-30T13:09:43.322410Z","level":"info","event":"[lastfm] fetching top artists for Turkey ...","logger":"task.stdout"}
{"timestamp":"2026-07-30T13:09:43.670185Z","level":"info","event":"[lastfm] 122 unique artists across all countries","logger":"task.stdout"}
{"timestamp":"2026-07-30T13:09:43.671837Z","level":"info","event":"[lastfm] fetching tags with 5 workers ...","logger":"task.stdout"}
{"timestamp":"2026-07-30T13:09:46.911809Z","level":"info","event":"  50/122 artists done","logger":"task.stdout"}
{"timestamp":"2026-07-30T13:09:50.153412Z","level":"info","event":"  100/122 artists done","logger":"task.stdout"}
{"timestamp":"2026-07-30T13:09:52.024618Z","level":"info","event":"Done. Raw files in /opt/airflow/data/raw/lastfm","logger":"task.stdout"}
{"timestamp":"2026-07-30T13:09:52.025897Z","level":"info","event":"Done. Returned value was: None","try_number":1,"ti_id":"019fb324-f97f-7845-a744-7ffed9516d6b","map_index":-1,"run_id":"manual__2026-07-30T13:09:32.427843+00:00","task_id":"extract_lastfm","dag_id":"genre_pipeline","logger":"airflow.task.operators.airflow.providers.standard.decorators.python._PythonDecoratedOperator","filename":"python.py","lineno":233}
{"timestamp":"2026-07-30T13:09:52.027703Z","level":"info","event":"::group::Post Execute","try_number":1,"ti_id":"019fb324-f97f-7845-a744-7ffed9516d6b","map_index":-1,"run_id":"manual__2026-07-30T13:09:32.427843+00:00","task_id":"extract_lastfm","dag_id":"genre_pipeline","logger":"task","filename":"task_runner.py","lineno":1577}
{"timestamp":"2026-07-30T13:09:52.116230Z","level":"info","event":"Task instance in success state","logger":"task.stdout"}
{"timestamp":"2026-07-30T13:09:52.116900Z","level":"info","event":" Previous state of the Task instance: TaskInstanceState.RUNNING","logger":"task.stdout"}
{"timestamp":"2026-07-30T13:09:52.117629Z","level":"info","event":"Task operator:<Task(_PythonDecoratedOperator): extract_lastfm>","logger":"task.stdout"}
{"timestamp":"2026-07-30T13:09:52.117420Z","level":"info","event":"::endgroup::","try_number":1,"ti_id":"019fb324-f97f-7845-a744-7ffed9516d6b","map_index":-1,"run_id":"manual__2026-07-30T13:09:32.427843+00:00","task_id":"extract_lastfm","dag_id":"genre_pipeline","logger":"task","filename":"task_runner.py","lineno":2270}
